Archive member included to satisfy reference by file (symbol)

c:/devkitPro/portlibs/armv6k/lib\libconfig.a(libconfig_la-libconfig.o)
                              config.o (config_read_file)
c:/devkitPro/portlibs/armv6k/lib\libconfig.a(libconfig_la-scanner.o)
                              c:/devkitPro/portlibs/armv6k/lib\libconfig.a(libconfig_la-libconfig.o) (libconfig_yyrestart)
c:/devkitPro/portlibs/armv6k/lib\libconfig.a(libconfig_la-grammar.o)
                              c:/devkitPro/portlibs/armv6k/lib\libconfig.a(libconfig_la-libconfig.o) (libconfig_yyparse)
c:/devkitPro/portlibs/armv6k/lib\libconfig.a(libconfig_la-scanctx.o)
                              c:/devkitPro/portlibs/armv6k/lib\libconfig.a(libconfig_la-libconfig.o) (scanctx_init)
c:/devkitPro/portlibs/armv6k/lib\libconfig.a(libconfig_la-strbuf.o)
                              c:/devkitPro/portlibs/armv6k/lib\libconfig.a(libconfig_la-libconfig.o) (strbuf_release)
c:/devkitPro/libctru/lib\libctru.a(linear.o)
                              khaxinit.o (linearMemAlign)
c:/devkitPro/libctru/lib\libctru.a(mem_pool.o)
                              c:/devkitPro/libctru/lib\libctru.a(linear.o) (MemPool::Allocate(MemChunk&, unsigned long, int))
c:/devkitPro/libctru/lib\libctru.a(gfx.o)
                              main.o (gfxInitDefault)
c:/devkitPro/libctru/lib\libctru.a(os.o)
                              khaxinit.o (osConvertVirtToPhys)
c:/devkitPro/libctru/lib\libctru.a(sdmc_dev.o)
                              main.o (sdmcInit)
c:/devkitPro/libctru/lib\libctru.a(srv.o)
                              khaxinit.o (srvExit)
c:/devkitPro/libctru/lib\libctru.a(ac.o)
                              main.o (acInit)
c:/devkitPro/libctru/lib\libctru.a(am.o)
                              main.o (amInit)
c:/devkitPro/libctru/lib\libctru.a(apt.o)
                              main.o (aptOpenSession)
c:/devkitPro/libctru/lib\libctru.a(fs.o)
                              boot.o (FS_makePath)
c:/devkitPro/libctru/lib\libctru.a(gsp.o)
                              c:/devkitPro/libctru/lib\libctru.a(gfx.o) (gspInit)
c:/devkitPro/libctru/lib\libctru.a(gx.o)
                              c:/devkitPro/libctru/lib\libctru.a(gfx.o) (gxCmdBuf)
c:/devkitPro/libctru/lib\libctru.a(hb.o)
                              boot.o (hbInit)
c:/devkitPro/libctru/lib\libctru.a(hid.o)
                              loader.o (hidExit)
c:/devkitPro/libctru/lib\libctru.a(irrst.o)
                              c:/devkitPro/libctru/lib\libctru.a(hid.o) (irrstScanInput)
c:/devkitPro/libctru/lib\libctru.a(ptm.o)
                              main.o (ptmInit)
c:/devkitPro/libctru/lib\libctru.a(soc_accept.o)
                              menu_netloader.o (accept)
c:/devkitPro/libctru/lib\libctru.a(soc_bind.o)
                              menu_netloader.o (bind)
c:/devkitPro/libctru/lib\libctru.a(soc_closesocket.o)
                              menu_netloader.o (closesocket)
c:/devkitPro/libctru/lib\libctru.a(soc_common.o)
                              c:/devkitPro/libctru/lib\libctru.a(soc_accept.o) (_net_convert_error)
c:/devkitPro/libctru/lib\libctru.a(soc_fcntl.o)
                              menu_netloader.o (fcntl)
c:/devkitPro/libctru/lib\libctru.a(soc_gethostid.o)
                              menu_netloader.o (gethostid)
c:/devkitPro/libctru/lib\libctru.a(soc_inet_ntoa.o)
                              brahma.o (inet_ntoa)
c:/devkitPro/libctru/lib\libctru.a(soc_init.o)
                              menu_netloader.o (SOC_Initialize)
c:/devkitPro/libctru/lib\libctru.a(soc_listen.o)
                              menu_netloader.o (listen)
c:/devkitPro/libctru/lib\libctru.a(soc_recv.o)
                              menu_netloader.o (recv)
c:/devkitPro/libctru/lib\libctru.a(soc_recvfrom.o)
                              c:/devkitPro/libctru/lib\libctru.a(soc_init.o) (soc_recvfrom)
c:/devkitPro/libctru/lib\libctru.a(soc_send.o)
                              menu_netloader.o (send)
c:/devkitPro/libctru/lib\libctru.a(soc_sendto.o)
                              c:/devkitPro/libctru/lib\libctru.a(soc_init.o) (soc_sendto)
c:/devkitPro/libctru/lib\libctru.a(soc_socket.o)
                              menu_netloader.o (socket)
c:/devkitPro/libctru/lib\libctru.a(rbtree_find.o)
                              c:/devkitPro/libctru/lib\libctru.a(linear.o) (rbtree_find)
c:/devkitPro/libctru/lib\libctru.a(rbtree_init.o)
                              c:/devkitPro/libctru/lib\libctru.a(linear.o) (rbtree_init)
c:/devkitPro/libctru/lib\libctru.a(rbtree_insert.o)
                              c:/devkitPro/libctru/lib\libctru.a(linear.o) (rbtree_insert)
c:/devkitPro/libctru/lib\libctru.a(rbtree_remove.o)
                              c:/devkitPro/libctru/lib\libctru.a(linear.o) (rbtree_remove)
c:/devkitPro/libctru/lib\libctru.a(rbtree_rotate.o)
                              c:/devkitPro/libctru/lib\libctru.a(rbtree_insert.o) (rbtree_rotate)
c:/devkitPro/libctru/lib\libctru.a(decode_utf8.o)
[...]
Memory Configuration

Name             Origin             Length             Attributes
*default*        0x00000000         0xffffffff

Linker script and memory map

                0x00100000                . = 0x100000
                0x00100000                __start__ = .

.text           0x00100000    0x56028
 *(.crt0)
 .crt0          0x00100000       0x94 c:/devkitpro/devkitarm/bin/../lib/gcc/arm-none-eabi/4.9.2/../../../../arm-none-eabi/lib/armv6k/fpu/3dsx_crt0.o
                0x00100000                _start
                0x00100008                __service_ptr
                0x0010000c                __apt_appid
                0x00100010                __heap_size
                0x00100014                __linear_heap_size
                0x00100018                __system_arglist
                0x0010001c                __system_runflags
 *(.init)
 .init          0x00100094        0xc c:/devkitpro/devkitarm/bin/../lib/gcc/arm-none-eabi/4.9.2/armv6k/fpu/crti.o
                0x00100094                _init
 .init          0x001000a0        0xc c:/devkitpro/devkitarm/bin/../lib/gcc/arm-none-eabi/4.9.2/armv6k/fpu/crtn.o
                0x001000ac                . = ALIGN (0x4)
 *(.text)
 .text          0x001000ac        0x0 c:/devkitpro/devkitarm/bin/../lib/gcc/arm-none-eabi/4.9.2/../../../../arm-none-eabi/lib/armv6k/fpu/3dsx_crt0.o
 .text          0x001000ac        0x0 c:/devkitpro/devkitarm/bin/../lib/gcc/arm-none-eabi/4.9.2/armv6k/fpu/crti.o
 .text          0x001000ac      0x108 c:/devkitpro/devkitarm/bin/../lib/gcc/arm-none-eabi/4.9.2/armv6k/fpu/crtbegin.o
 .text          0x001001b4        0x0 font.bin.o
 .text          0x001001b4      0x3cc descriptor.o
                0x001001b4                initDescriptor
                0x001001e4                freeDescriptor
                0x00100248                loadDescriptor
 .text          0x00100580     0x48d8 tinyxml2.o
                0x00100580                tinyxml2::XMLDocument::Accept(tinyxml2::XMLVisitor*) const
                0x00100624                tinyxml2::XMLText::Accept(tinyxml2::XMLVisitor*) const
                0x00100654                tinyxml2::XMLComment::Accept(tinyxml2::XMLVisitor*) const
                0x00100684                tinyxml2::XMLDeclaration::Accept(tinyxml2::XMLVisitor*) const
                0x001006b4                tinyxml2::XMLUnknown::Accept(tinyxml2::XMLVisitor*) const
                0x001006e4                tinyxml2::XMLElement::Accept(tinyxml2::XMLVisitor*) const
                0x0010078c                tinyxml2::StrPair::Reset()
                0x001007c4                tinyxml2::StrPair::~StrPair()
                0x001007c4                tinyxml2::StrPair::~StrPair()
                0x001007d8                tinyxml2::StrPair::TransferTo(tinyxml2::StrPair*)
                0x00100810                tinyxml2::StrPair::SetStr(char const*, int)
                0x00100864                tinyxml2::StrPair::ParseText(char*, char const*, int)
                0x001008f0                tinyxml2::XMLText::ParseDeep(char*, tinyxml2::StrPair*)
                0x00100994                tinyxml2::XMLComment::ParseDeep(char*, tinyxml2::StrPair*)
                0x001009d0                tinyxml2::XMLDeclaration::ParseDeep(char*, tinyxml2::StrPair*)
                0x00100a0c                tinyxml2::XMLUnknown::ParseDeep(char*, tinyxml2::StrPair*)
                0x00100a48                tinyxml2::StrPair::ParseName(char*)
                0x00100b18                tinyxml2::StrPair::CollapseWhitespace()
                0x00100bf0                tinyxml2::XMLUtil::ReadBOM(char const*, bool*)
                0x00100c28                tinyxml2::XMLUtil::ConvertUTF32ToUTF8(unsigned long, char*, int*)
                0x00100d20                tinyxml2::XMLUtil::GetCharacterRef(char const*, char*, int*)
                0x00100e84                tinyxml2::StrPair::GetStr()
                0x00101068                tinyxml2::XMLUtil::ToStr(int, char*, int)
                0x00101080                tinyxml2::XMLUtil::ToStr(unsigned int, char*, int)
                0x00101098                tinyxml2::XMLUtil::ToStr(bool, char*, int)
                0x001010b0                tinyxml2::XMLUtil::ToStr(float, char*, int)
                0x001010d4                tinyxml2::XMLUtil::ToStr(double, char*, int)
                0x001010f4                tinyxml2::XMLUtil::ToInt(char const*, int*)
                0x00101118                tinyxml2::XMLUtil::ToUnsigned(char const*, unsigned int*)
                0x0010113c                tinyxml2::XMLUtil::ToBool(char const*, bool*)
                0x001012ec                tinyxml2::XMLUtil::ToFloat(char const*, float*)
                0x00101310                tinyxml2::XMLUtil::ToDouble(char const*, double*)
                0x00101334                tinyxml2::XMLDocument::Identify(char*, tinyxml2::XMLNode**)
                0x00101d98                tinyxml2::XMLNode::XMLNode(tinyxml2::XMLDocument*)
                0x00101d98                tinyxml2::XMLNode::XMLNode(tinyxml2::XMLDocument*)
                0x00101dd4                tinyxml2::XMLNode::Value() const
                0x00101e04                tinyxml2::XMLText::ShallowEqual(tinyxml2::XMLNode const*) const
                0x00101eec                tinyxml2::XMLComment::ShallowEqual(tinyxml2::XMLNode const*) const
                0x00101fd4                tinyxml2::XMLDeclaration::ShallowEqual(tinyxml2::XMLNode const*) const
                0x001020bc                tinyxml2::XMLUnknown::ShallowEqual(tinyxml2::XMLNode const*) const
                0x001021a4                tinyxml2::XMLElement::ShallowEqual(tinyxml2::XMLNode const*) const
                0x00102358                tinyxml2::XMLNode::SetValue(char const*, bool)
                0x00102384                tinyxml2::XMLNode::Unlink(tinyxml2::XMLNode*)
                0x001023cc                tinyxml2::XMLNode::FirstChildElement(char const*) const
                0x001024c0                tinyxml2::XMLNode::LastChildElement(char const*) const
                0x001025b4                tinyxml2::XMLNode::NextSiblingElement(char const*) const
                0x0010269c                tinyxml2::XMLNode::PreviousSiblingElement(char const*) const
                0x00102784                tinyxml2::XMLNode::DeleteNode(tinyxml2::XMLNode*)
                0x001027b8                tinyxml2::XMLNode::DeleteChildren()
                0x001027fc                tinyxml2::XMLNode::~XMLNode()
                0x001027fc                tinyxml2::XMLNode::~XMLNode()
                0x00102838                tinyxml2::XMLComment::~XMLComment()
                0x00102838                tinyxml2::XMLComment::~XMLComment()
                0x00102858                tinyxml2::XMLComment::~XMLComment()
                0x00102880                tinyxml2::XMLDeclaration::~XMLDeclaration()
                0x00102880                tinyxml2::XMLDeclaration::~XMLDeclaration()
                0x001028a0                tinyxml2::XMLDeclaration::~XMLDeclaration()
                0x001028c8                tinyxml2::XMLUnknown::~XMLUnknown()
                0x001028c8                tinyxml2::XMLUnknown::~XMLUnknown()
                0x001028e8                tinyxml2::XMLUnknown::~XMLUnknown()
                0x00102910                tinyxml2::XMLNode::~XMLNode()
                0x0010292c                tinyxml2::XMLNode::DeleteChild(tinyxml2::XMLNode*)
                0x00102934                tinyxml2::XMLNode::InsertChildPreamble(tinyxml2::XMLNode*) const
                0x0010299c                tinyxml2::XMLNode::InsertEndChild(tinyxml2::XMLNode*)
                0x001029b8                tinyxml2::XMLNode::ParseDeep(char*, tinyxml2::StrPair*)
                0x00102c48                tinyxml2::XMLNode::InsertAfterChild(tinyxml2::XMLNode*, tinyxml2::XMLNode*)
                0x00102cbc                tinyxml2::XMLNode::InsertFirstChild(tinyxml2::XMLNode*)
                0x00102d1c                tinyxml2::XMLComment::XMLComment(tinyxml2::XMLDocument*)
                0x00102d1c                tinyxml2::XMLComment::XMLComment(tinyxml2::XMLDocument*)
                0x00102d58                tinyxml2::XMLDeclaration::XMLDeclaration(tinyxml2::XMLDocument*)
                0x00102d58                tinyxml2::XMLDeclaration::XMLDeclaration(tinyxml2::XMLDocument*)
                0x00102d94                tinyxml2::XMLUnknown::XMLUnknown(tinyxml2::XMLDocument*)
                0x00102d94                tinyxml2::XMLUnknown::XMLUnknown(tinyxml2::XMLDocument*)
                0x00102dd0                tinyxml2::XMLAttribute::Name() const
                0x00102dd8                tinyxml2::XMLAttribute::Value() const
                0x00102de0                tinyxml2::XMLAttribute::ParseDeep(char*, bool)
                0x00102ebc                tinyxml2::XMLAttribute::SetName(char const*)
                0x00102ec8                tinyxml2::XMLAttribute::QueryIntValue(int*) const
                0x00102ef8                tinyxml2::XMLAttribute::QueryUnsignedValue(unsigned int*) const
                0x00102f28                tinyxml2::XMLAttribute::QueryBoolValue(bool*) const
                0x00102f50                tinyxml2::XMLAttribute::QueryFloatValue(float*) const
                0x00102f80                tinyxml2::XMLAttribute::QueryDoubleValue(double*) const
                0x00102fb0                tinyxml2::XMLAttribute::SetAttribute(char const*)
                0x00102fbc                tinyxml2::XMLAttribute::SetAttribute(int)
                0x00102ff8                tinyxml2::XMLAttribute::SetAttribute(unsigned int)
                0x00103034                tinyxml2::XMLAttribute::SetAttribute(bool)
                0x00103070                tinyxml2::XMLAttribute::SetAttribute(double)
                0x001030ac                tinyxml2::XMLAttribute::SetAttribute(float)
                0x001030ec                tinyxml2::XMLElement::XMLElement(tinyxml2::XMLDocument*)
                0x001030ec                tinyxml2::XMLElement::XMLElement(tinyxml2::XMLDocument*)
                0x00103130                tinyxml2::XMLElement::FindAttribute(char const*) const
                0x00103200                tinyxml2::XMLElement::Attribute(char const*, char const*) const
                0x001032d4                tinyxml2::XMLElement::GetText() const
                0x0010331c                tinyxml2::XMLElement::QueryIntText(int*) const
                0x0010337c                tinyxml2::XMLElement::QueryUnsignedText(unsigned int*) const
                0x001033dc                tinyxml2::XMLElement::QueryBoolText(bool*) const
                0x00103434                tinyxml2::XMLElement::QueryDoubleText(double*) const
                0x00103494                tinyxml2::XMLElement::QueryFloatText(float*) const
                0x001034f4                tinyxml2::XMLElement::FindOrCreateAttribute(char const*)
                0x00103764                tinyxml2::XMLElement::DeleteAttribute(tinyxml2::XMLAttribute*)
                0x001037c8                tinyxml2::XMLElement::~XMLElement()
                0x001037c8                tinyxml2::XMLElement::~XMLElement()
                0x0010380c                tinyxml2::XMLElement::~XMLElement()
                0x00103828                tinyxml2::XMLElement::DeleteAttribute(char const*)
                0x00103940                tinyxml2::XMLElement::ParseAttributes(char*)
                0x00103bfc                tinyxml2::XMLElement::ParseDeep(char*, tinyxml2::StrPair*)
                0x00103cb0                tinyxml2::XMLDocument::XMLDocument(bool, tinyxml2::Whitespace)
                0x00103cb0                tinyxml2::XMLDocument::XMLDocument(bool, tinyxml2::Whitespace)
                0x00103dd4                tinyxml2::XMLDocument::Clear()
                0x00103e0c                tinyxml2::XMLDocument::~XMLDocument()
                0x00103e0c                tinyxml2::XMLDocument::~XMLDocument()
                0x00103fd4                tinyxml2::XMLDocument::~XMLDocument()
                0x00103ff0                tinyxml2::XMLDocument::NewElement(char const*)
                0x00104160                tinyxml2::XMLElement::ShallowClone(tinyxml2::XMLDocument*) const
                0x001041d8                tinyxml2::XMLDocument::NewComment(char const*)
                0x00104340                tinyxml2::XMLComment::ShallowClone(tinyxml2::XMLDocument*) const
                0x00104360                tinyxml2::XMLDocument::NewText(char const*)
                0x001044c4                tinyxml2::XMLText::ShallowClone(tinyxml2::XMLDocument*) const
                0x001044f0                tinyxml2::XMLElement::SetText(char const*)
                0x00104594                tinyxml2::XMLElement::SetText(int)
                0x001045cc                tinyxml2::XMLElement::SetText(unsigned int)
                0x00104604                tinyxml2::XMLElement::SetText(bool)
                0x0010463c                tinyxml2::XMLElement::SetText(float)
                0x00104678                tinyxml2::XMLElement::SetText(double)
                0x001046b0                tinyxml2::XMLDocument::NewDeclaration(char const*)
                0x00104824                tinyxml2::XMLDeclaration::ShallowClone(tinyxml2::XMLDocument*) const
                0x00104844                tinyxml2::XMLDocument::NewUnknown(char const*)
                0x001049ac                tinyxml2::XMLUnknown::ShallowClone(tinyxml2::XMLDocument*) const
                0x001049cc                tinyxml2::XMLDocument::DeleteNode(tinyxml2::XMLNode*)
                0x00104a04                tinyxml2::XMLDocument::SetError(tinyxml2::XMLError, char const*, char const*)
                0x00104a14                tinyxml2::XMLDocument::ErrorName() const
                0x00104a28                tinyxml2::XMLDocument::PrintError() const
                0x00104adc                tinyxml2::XMLDocument::Parse()
                0x00104b58                tinyxml2::XMLDocument::LoadFile(__sFILE*)
                0x00104c48                tinyxml2::XMLDocument::LoadFile(char const*)
                0x00104ca4                tinyxml2::XMLDocument::Parse(char const*, unsigned int)
 .text          0x00104e58      0xd98 khaxinit.o
                0x00104e58                KHAX::MemChunkHax::Step7a_PatchPID()
                0x00104ea4                KHAX::MemChunkHax::Step7b_UnpatchPID()
                0x00104ef4                KHAX::VersionData::ConvertLinearUserVAToKernelVA(void*) const
                0x00104f34                KHAX::MemChunkHax::Step1_Initialize()
                0x00104f78                KHAX::MemChunkHax::Step2_AllocateMemory()
                0x001050a0                KHAX::MemChunkHax::Step3_SurroundFree()
                0x001051bc                KHAX::MemChunkHax::Step6_ExecuteSVCCode()
                0x00105274                KHAX::MemChunkHax::Step6c_UndoCreateThreadPatch()
                0x001052a0                KHAX::MemChunkHax::Step6d_FixHeapCorruption()
                0x001052e8                KHAX::MemChunkHax::Step6e_GrantSVCAccess()
                0x00105348                KHAX::MemChunkHax::Step6b_SVCEntryPoint()
                0x001053a8                KHAX::MemChunkHax::Step6a_SVCEntryPointThunk()
                0x001053c0                KHAX::MemChunkHax::Step6f_FlushCaches()
                0x001053d8                KHAX::MemChunkHax::Step7_GrantServiceAccess()
                0x001054c8                KHAX::MemChunkHax::~MemChunkHax()
                0x001054c8                KHAX::MemChunkHax::~MemChunkHax()
                0x001055c0                KHAX::IsNew3DS(bool*, unsigned long)
                0x0010563c                KHAX::VersionData::GetForCurrentSystem()
                0x001056cc                KHAX::NukeDataCache()
                0x00105718                KHAX::GSPwn(void*, void const*, unsigned int, bool)
                0x001057c4                KHAX::MemChunkHax::Step4_VerifyExpectedLayout()
                0x00105944                KHAX::MemChunkHax::Step5_CorruptCreateThread()
                0x00105aa0                khaxInit
                0x00105be8                khaxExit
 .text          0x00105bf0      0x404 boot.o
                0x00105c98                isNinjhax2
                0x00105cbc                bootApp
 .text          0x00105ff4      0x678 config.o
                0x00105ff4                configCreate
                0x001060cc                configInit
                0x001063a0                configWrite
                0x001063d4                configAddEntry
                0x001064b0                configUpdateSettings
                0x001065b4                configExit
                0x001065e4                configRemoveEntry
 .text          0x0010666c        0x0 font.o
 .text          0x0010666c        0x0 font1.o
 .text          0x0010666c        0x0 font2.o
 .text          0x0010666c     0x11b0 gfx.o
                0x0010666c                drawPixel
                0x00106694                drawLine
                0x001067f0                drawRect
                0x001068b8                drawFillRect
                0x0010696c                gfxDrawText
                0x001069d8                gfxDrawTextf
                0x00106a4c                gfxDrawTextN
                0x00106ac0                gfxDrawSprite
                0x00106bd0                gfxDrawDualSprite
                0x00106c48                gfxDrawSpriteAlpha
                0x00106db4                gfxDrawSpriteAlphaBlend
                0x00106f6c                gfxDrawSpriteAlphaBlendFade
                0x00107140                gfxFillColor
                0x001071b0                gfxFillColorGradient
                0x00107310                _gfxDrawRectangle
                0x0010744c                gfxDrawRectangle
                0x00107474                gfxFadeScreen
                0x0010752c                gfxDrawWave
                0x00107784                gfxClearColor
                0x001077b0                gfxClear
                0x00107800                gfxSwap
 .text          0x0010781c      0x240 loader.o
                0x0010781c                load_3dsx
                0x00107868                load_bin
                0x001079d0                load
 .text          0x00107a5c        0x0 main.o
 .text          0x00107a5c      0x5a4 menu_boot.o
                0x00107a5c                autoBootFix
                0x00107abc                menu_boot
 .text          0x00108000      0x578 menu_config.o
                0x00108000                keyLeft
                0x001080a4                keyRight
                0x00108148                menu_config
 .text          0x00108578      0x3ec menu_more.o
                0x00108578                menu_choose
                0x001085d0                menu_more
 .text          0x00108964      0xb44 menu_netloader.o
                0x001089a0                netloader_draw_error
                0x001089c0                netloader_init
                0x00108a18                netloader_deactivate
                0x00108a7c                netloader_activate
                0x00108d14                load3DSX
                0x00109218                netloader_loop
                0x00109378                netloader_exit
                0x0010938c                menu_netloader
 .text          0x001094a8      0x8c0 menu_picker.o
                0x001094a8                alphasort
                0x001094dc                end_with
                0x00109528                get_filename_ext
                0x00109550                get_dir
                0x0010979c                pick_file
 .text          0x00109d68      0x3dc scanner.o
                0x00109d68                initMetadata
                0x00109d9c                scan3dsx
                0x0010a004                scanExecutable
                0x0010a068                scanMenuEntry
 .text          0x0010a144      0x43c text.o
                0x0010a144                drawCharacter
                0x0010a330                getStringLength
                0x0010a390                drawStringN
                0x0010a52c                drawString
 .text          0x0010a580      0x4a4 utility.o
                0x0010a580                openSDArchive
                0x0010a5d4                closeSDArchive
                0x0010a5e4                svcSleep
                0x0010a5f8                get_button
                0x0010a708                debug
                0x0010a7b8                confirm
                0x0010a8cc                fileExists
                0x0010a964                load_homemenu
                0x0010a968                reboot
                0x0010a988                poweroff
 .text          0x0010aa24      0x6ec brahma.o
                0x0010aa24                brahma_init
                0x0010aa50                brahma_exit
                0x0010aa74                redirect_codeflow
                0x0010aa88                get_exploit_data
                0x0010ab68                setup_exploit_data
                0x0010aba4                recv_arm9_payload
                0x0010ae48                load_arm9_payload
                0x0010aef0                load_arm9_payload_from_mem
                0x0010af50                map_arm9_payload
                0x0010af94                map_arm11_payload
                0x0010b000                exploit_arm9_race_condition
                0x0010b07c                priv_firm_reboot
                0x0010b0d0                firm_reboot
 .text          0x0010b110      0x1a0 arm11.o
                0x0010b110                arm11_start
                0x0010b2a0                arm11_end
                0x0010b2a0                arm11_globals_start
                0x0010b2ac                arm11_globals_end
 .text          0x0010b2b0       0x30 utils.o
                0x0010b2b0                InvalidateEntireInstructionCache
                0x0010b2bc                CleanEntireDataCache
                0x0010b2c8                DisableInterrupts
                0x0010b2d4                EnableInterrupts
 .text          0x0010b2e0     0x2e60 c:/devkitPro/portlibs/armv6k/lib\libconfig.a(libconfig_la-libconfig.o)
                0x0010c640                config_read
                0x0010c64c                config_read_string
                0x0010c65c                config_write
                0x0010c668                config_read_file
                0x0010c704                config_write_file
                0x0010c768                config_destroy
                0x0010c7c4                config_init
                0x0010c808                config_set_auto_convert
                0x0010c820                config_get_auto_convert
                0x0010c82c                config_set_options
                0x0010c834                config_get_options
                0x0010c83c                config_setting_get_int
                0x0010c8bc                config_setting_get_int64
                0x0010c918                config_setting_lookup_int
                0x0010c9cc                config_setting_lookup_int64
                0x0010ca70                config_setting_get_float
                0x0010cae8                config_setting_lookup_float
                0x0010cb98                config_setting_lookup_string
                0x0010cbe4                config_setting_lookup_bool
                0x0010cc30                config_setting_set_int
                0x0010cc90                config_setting_set_int64
                0x0010cd40                config_setting_set_float
                0x0010cde0                config_setting_get_bool
                0x0010cdf4                config_setting_set_bool
                0x0010ce24                config_setting_get_string
                0x0010ce38                config_setting_set_string
                0x0010ce90                config_setting_set_format
                0x0010cec0                config_setting_get_format
                0x0010ced8                config_setting_lookup
                0x0010cfe4                config_lookup
                0x0010cfec                config_lookup_string
                0x0010d020                config_lookup_int
                0x0010d0c8                config_lookup_int64
                0x0010d160                config_lookup_float
                0x0010d200                config_lookup_bool
                0x0010d234                config_setting_get_int_elem
                0x0010d2f4                config_setting_set_int_elem
                0x0010d48c                config_setting_get_int64_elem
                0x0010d530                config_setting_set_int64_elem
                0x0010d704                config_setting_get_float_elem
                0x0010d7c0                config_setting_set_float_elem
                0x0010d988                config_setting_get_bool_elem
                0x0010d9f0                config_setting_set_bool_elem
                0x0010db54                config_setting_get_string_elem
                0x0010dbbc                config_setting_set_string_elem
                0x0010dd3c                config_setting_get_elem
                0x0010dd84                config_setting_get_member
                0x0010dda4                config_set_destructor
                0x0010ddac                config_set_include_dir
                0x0010ddd0                config_setting_length
                0x0010ddfc                config_setting_set_hook
                0x0010de04                config_setting_add
                0x0010dfc8                config_setting_remove
                0x0010e054                config_setting_remove_elem
                0x0010e0e0                config_setting_index
 .text          0x0010e140     0x2420 c:/devkitPro/portlibs/armv6k/lib\libconfig.a(libconfig_la-scanner.o)
                0x0010e168                libconfig_yy_switch_to_buffer
                0x0010e2d4                libconfig_yy_create_buffer
                0x0010e3e0                libconfig_yyrestart
                0x0010e5f8                libconfig_yylex
                0x0010fb50                libconfig_yy_delete_buffer
                0x0010fbac                libconfig_yy_flush_buffer
                0x0010fc28                libconfig_yypush_buffer_state
                0x0010fdb4                libconfig_yypop_buffer_state
                0x0010fe68                libconfig_yy_scan_buffer
                0x00110044                libconfig_yy_scan_string
                0x00110118                libconfig_yy_scan_bytes
                0x001101e8                libconfig_yyget_extra
                0x001101f0                libconfig_yyget_lineno
                0x00110218                libconfig_yyget_column
                0x00110240                libconfig_yyget_in
                0x00110248                libconfig_yyget_out
                0x00110250                libconfig_yyget_leng
                0x00110258                libconfig_yyget_text
                0x00110260                libconfig_yyset_extra
                0x00110268                libconfig_yyset_lineno
                0x00110298                libconfig_yyset_column
                0x001102c8                libconfig_yyset_in
                0x001102d0                libconfig_yyset_out
                0x001102d8                libconfig_yyget_debug
                0x001102e0                libconfig_yyset_debug
                0x001102e8                libconfig_yyget_lval
                0x001102f0                libconfig_yyset_lval
                0x001102f8                libconfig_yylex_init
                0x00110390                libconfig_yylex_init_extra
                0x00110430                libconfig_yylex_destroy
                0x00110554                libconfig_yyalloc
                0x00110558                libconfig_yyrealloc
                0x0011055c                libconfig_yyfree
 .text          0x00110560      0x91c c:/devkitPro/portlibs/armv6k/lib\libconfig.a(libconfig_la-grammar.o)
                0x00110560                libconfig_yyerror
                0x00110590                libconfig_yyparse
 .text          0x00110e7c      0x360 c:/devkitPro/portlibs/armv6k/lib\libconfig.a(libconfig_la-scanctx.o)
                0x00110e7c                scanctx_init
                0x00110f3c                scanctx_cleanup
                0x00110f90                scanctx_push_include
                0x00111168                scanctx_pop_include
                0x001111a0                scanctx_take_string
                0x001111c4                scanctx_current_filename
 .text          0x001111dc       0xbc c:/devkitPro/portlibs/armv6k/lib\libconfig.a(libconfig_la-strbuf.o)
                0x001111dc                strbuf_release
                0x00111224                strbuf_append
 .text          0x00111298      0x1d4 c:/devkitPro/libctru/lib\libctru.a(linear.o)
                0x001112c0                linearMemAlign
                0x00111400                linearAlloc
                0x00111408                linearRealloc
                0x00111410                linearFree
                0x00111460                linearSpaceFree
 .text          0x0011146c      0x35c c:/devkitPro/libctru/lib\libctru.a(mem_pool.o)
                0x0011146c                MemPool::CoalesceRight(MemBlock*)
                0x0011150c                MemPool::Allocate(MemChunk&, unsigned long, int)
                0x00111694                MemPool::Deallocate(MemChunk const&)
                0x00111798                MemPool::GetFreeSpace()
 .text          0x001117c8      0x74c c:/devkitPro/libctru/lib\libctru.a(gfx.o)
                0x00111854                gfxSet3D
                0x00111864                gfxSetScreenFormat
                0x0011187c                gfxGetScreenFormat
                0x00111894                gfxSetDoubleBuffering
                0x001118a8                gfxSetFramebufferInfo
                0x00111918                gfxWriteFramebufferInfo
                0x001119dc                gfxInit
                0x00111bbc                gfxInitDefault
                0x00111bcc                gfxExit
                0x00111cb8                gfxGetFramebuffer
                0x00111d68                gfxFlushBuffers
                0x00111e44                gfxSwapBuffers
                0x00111eb8                gfxSwapBuffersGpu
 *fill*         0x00111f14        0x4 
 .text          0x00111f18      0x2d0 c:/devkitPro/libctru/lib\libctru.a(os.o)
                0x00111f70                osConvertVirtToPhys
                0x00111fbc                osConvertOldLINEARMemToNew
                0x00111fdc                __libctru_gtod
                0x001120d4                osGetTime
                0x00112148                osGetFirmVersion
                0x0011215c                osGetKernelVersion
                0x00112170                osStrError
                0x00112190                osGetWifiStrength
                0x001121a0                __ctru_speedup_config
                0x001121d4                osSetSpeedupEnable
 .text          0x001121e8      0xffc c:/devkitPro/libctru/lib\libctru.a(sdmc_dev.o)
                0x00113064                sdmcInit
                0x00113194                sdmcExit
 .text          0x001131e4      0x3b8 c:/devkitPro/libctru/lib\libctru.a(srv.o)
                0x001131e4                __get_handle_from_list
                0x0011327c                __destroy_handle_list
                0x001132d0                srvExit
                0x001132f8                srvGetSessionHandle
                0x00113304                srvRegisterClient
                0x0011333c                srvInit
                0x001133a4                srvGetServiceHandle
                0x00113424                srvRegisterService
                0x00113480                srvUnregisterService
                0x001134cc                srvPmInit
                0x00113520                srvRegisterProcess
                0x00113568                srvUnregisterProcess
 .text          0x0011359c      0x19c c:/devkitPro/libctru/lib\libctru.a(ac.o)
                0x0011359c                acInit
                0x001135d0                acExit
                0x001135e0                ACU_CreateDefaultConfig
                0x00113634                ACU_cmd26
                0x00113698                ACU_GetWifiStatus
                0x001136d8                ACU_WaitInternetConnection
 .text          0x00113738      0x430 c:/devkitPro/libctru/lib\libctru.a(am.o)
                0x00113738                amInit
                0x001137a4                amExit
                0x001137b4                amGetSessionHandle
                0x001137c0                AM_GetTitleCount
                0x00113800                AM_GetTitleIdList
                0x00113848                AM_ListTitles
                0x001138a4                AM_GetDeviceId
                0x001138dc                AM_StartCiaInstall
                0x0011391c                AM_StartDlpChildCiaInstall
                0x00113958                AM_CancelCIAInstall
                0x00113998                AM_FinishCiaInstall
                0x001139d8                AM_DeleteTitle
                0x00113a14                AM_DeleteAppTitle
                0x00113a50                AM_InstallNativeFirm
                0x00113a80                AM_GetTitleProductCode
                0x00113ae4                AM_GetCiaFileInfo
 .text          0x00113b68     0x1e3c c:/devkitPro/libctru/lib\libctru.a(apt.o)
                0x00113bcc                _aptDebug
                0x00113bd0                aptInitCaptureInfo
                0x00113c80                aptWaitStatusEvent
                0x00113ca8                aptHook
                0x00113ce0                aptUnhook
                0x00113d0c                aptGetStatus
                0x00113d44                aptSetStatus
                0x00113db4                aptGetStatusPower
                0x00113dec                aptSetStatusPower
                0x00113e24                aptOpenSession
                0x00113e48                aptCloseSession
                0x00113e70                aptSignalReadyForSleep
                0x00113e80                APT_GetLockHandle
                0x00113ed0                APT_Initialize
                0x00113f38                APT_Finalize
                0x00113f74                APT_HardwareResetAsync
                0x00113fa8                APT_Enable
                0x00113fe4                APT_GetAppletManInfo
                0x00114064                aptGetMenuAppID
                0x001140a0                APT_GetAppletInfo
                0x00114138                APT_GetAppletProgramInfo
                0x0011418c                APT_GetProgramID
                0x001141fc                APT_IsRegistered
                0x0011424c                APT_InquireNotification
                0x0011429c                APT_PrepareToJumpToHomeMenu
                0x001142d0                APT_JumpToHomeMenu
                0x00114320                APT_PrepareToJumpToApplication
                0x0011435c                APT_JumpToApplication
                0x001143ac                APT_NotifyToWait
                0x001143e8                APT_AppletUtility
                0x00114470                aptAppletUtility_Exit_RetToApp
                0x00114590                aptAppletClosed
                0x001146a0                aptInit
                0x00114868                APT_GlanceParameter
                0x001148dc                APT_ReceiveParameter
                0x00114950                APT_SendParameter
                0x001149c0                APT_SendCaptureBufferInfo
                0x00114a0c                aptReturnToMenu
                0x00114be0                APT_ReplySleepQuery
                0x00114c20                APT_ReplySleepNotificationComplete
                0x00114c5c                aptEventHandler
                0x00114f60                APT_PrepareToCloseApplication
                0x00114f9c                APT_CloseApplication
                0x00114ff4                aptExit
                0x001151e0                APT_SetAppCpuTimeLimit
                0x00115224                APT_GetAppCpuTimeLimit
                0x00115278                APT_CheckNew3DS_Application
                0x001152d4                APT_CheckNew3DS_System
                0x00115330                APT_CheckNew3DS
                0x001153a4                APT_PrepareToDoAppJump
                0x001153f0                APT_DoAppJump
                0x00115458                APT_PrepareToStartLibraryApplet
                0x00115494                APT_StartLibraryApplet
                0x001154f4                aptAppletStarted
                0x001155f8                aptMainLoop
                0x00115770                APT_LaunchLibraryApplet
                0x00115908                APT_PrepareToStartSystemApplet
                0x00115944                APT_StartSystemApplet
 .text          0x001159a4      0xcd4 c:/devkitPro/libctru/lib\libctru.a(fs.o)
                0x001159a4                FS_makePath
                0x001159d0                fsExit
                0x001159f4                fsGetSessionHandle
                0x00115a00                FSUSER_Initialize
                0x00115a74                fsInit
                0x00115ae0                FSUSER_OpenFile
                0x00115b8c                FSUSER_OpenFileDirectly
                0x00115c58                FSUSER_DeleteFile
                0x00115ce0                FSUSER_RenameFile
                0x00115da4                FSUSER_DeleteDirectory
                0x00115e2c                FSUSER_DeleteDirectoryRecursively
                0x00115eb4                FSUSER_CreateFile
                0x00115f4c                FSUSER_CreateDirectory
                0x00115fd8                FSUSER_RenameDirectory
                0x0011609c                FSUSER_OpenDirectory
                0x00116130                FSUSER_OpenArchive
                0x001161b8                FSUSER_CloseArchive
                0x00116210                FSUSER_GetSdmcArchiveResource
                0x0011628c                FSUSER_GetNandArchiveResource
                0x00116308                FSUSER_IsSdmcDetected
                0x00116354                FSUSER_GetMediaType
                0x001163a0                FSUSER_IsSdmcWritable
                0x001163ec                FSFILE_Close
                0x00116430                FSFILE_Read
                0x0011648c                FSFILE_Write
                0x001164f0                FSFILE_GetSize
                0x00116530                FSFILE_SetSize
                0x0011655c                FSFILE_GetAttributes
                0x00116594                FSFILE_SetAttributes
                0x001165bc                FSFILE_Flush
                0x001165e0                FSDIR_Read
                0x00116634                FSDIR_Close
 .text          0x00116678      0x934 c:/devkitPro/libctru/lib\libctru.a(gsp.o)
                0x0011675c                gspInit
                0x00116770                gspExit
                0x00116788                gspInitEventHandler
                0x00116854                gspExitEventHandler
                0x001168ac                gspWaitForEvent
                0x00116904                GSPGPU_WriteHWRegs
                0x00116974                GSPGPU_WriteHWRegsWithMask
                0x00116a00                GSPGPU_ReadHWRegs
                0x00116a70                GSPGPU_SetBufferSwap
                0x00116ae4                GSPGPU_FlushDataCache
                0x00116b38                GSPGPU_InvalidateDataCache
                0x00116b8c                GSPGPU_SetLcdForceBlack
                0x00116bc8                GSPGPU_TriggerCmdReqQueue
                0x00116bfc                GSPGPU_RegisterInterruptRelayQueue
                0x00116c68                GSPGPU_UnregisterInterruptRelayQueue
                0x00116c9c                GSPGPU_AcquireRight
                0x00116cec                GSPGPU_ReleaseRight
                0x00116d20                GSPGPU_ImportDisplayCaptureInfo
                0x00116da4                GSPGPU_SaveVramSysArea
                0x00116dd8                GSPGPU_RestoreVramSysArea
                0x00116e0c                GSPGPU_SubmitGxCommand
                0x00116f18                gspLcdInit
                0x00116f2c                gspLcdExit
                0x00116f44                GSPLCD_PowerOffBacklight
                0x00116f78                GSPLCD_PowerOnBacklight
 .text          0x00116fac      0x264 c:/devkitPro/libctru/lib\libctru.a(gx.o)
                0x00116fac                GX_RequestDma
                0x00117000                GX_SetCommandList_Last
                0x00117068                GX_SetMemoryFill
                0x001170dc                GX_SetDisplayTransfer
                0x00117140                GX_SetTextureCopy
                0x001171a8                GX_SetCommandList_First
 .text          0x00117210      0x10c c:/devkitPro/libctru/lib\libctru.a(hb.o)
                0x00117210                hbInit
                0x00117224                hbExit
                0x00117234                HB_FlushInvalidateCache
                0x0011727c                HB_GetBootloaderAddresses
                0x001172cc                HB_ReprotectMemory
 .text          0x0011731c      0x754 c:/devkitPro/libctru/lib\libctru.a(hid.o)
                0x0011731c                hidExit
                0x001173ec                hidWaitForEvent
                0x00117444                hidCheckSectionUpdateTime
                0x00117480                hidScanInput
                0x001176c8                hidKeysHeld
                0x001176d8                hidKeysDown
                0x001176e8                hidKeysUp
                0x001176f8                hidTouchRead
                0x00117710                hidCircleRead
                0x00117728                hidAccelRead
                0x00117748                hidGyroRead
                0x00117768                HIDUSER_GetHandles
                0x001177f8                hidInit
                0x0011794c                HIDUSER_EnableAccelerometer
                0x00117978                HIDUSER_DisableAccelerometer
                0x001179a4                HIDUSER_EnableGyroscope
                0x001179d0                HIDUSER_DisableGyroscope
                0x001179fc                HIDUSER_GetGyroscopeRawToDpsCoefficient
                0x00117a38                HIDUSER_GetSoundVolume
 .text          0x00117a70      0x3c0 c:/devkitPro/libctru/lib\libctru.a(irrst.o)
                0x00117a70                irrstWaitForEvent
                0x00117abc                irrstCheckSectionUpdateTime
                0x00117af8                irrstScanInput
                0x00117bac                irrstKeysHeld
                0x00117bc4                irrstCstickRead
                0x00117bdc                IRRST_GetHandles
                0x00117c2c                IRRST_Initialize
                0x00117c64                irrstInit
                0x00117d64                IRRST_Shutdown
                0x00117d90                irrstExit
 .text          0x00117e30      0x1bc c:/devkitPro/libctru/lib\libctru.a(ptm.o)
                0x00117e30                ptmInit
                0x00117e44                ptmExit
                0x00117e54                ptmSysmInit
                0x00117e68                ptmSysmExit
                0x00117e78                PTMU_GetShellState
                0x00117eb8                PTMU_GetBatteryLevel
                0x00117ef8                PTMU_GetBatteryChargeState
                0x00117f38                PTMU_GetPedometerState
                0x00117f78                PTMU_GetTotalStepCount
                0x00117fb8                PTMSYSM_ConfigureNew3DSCPU
 .text          0x00117fec      0x204 c:/devkitPro/libctru/lib\libctru.a(soc_accept.o)
                0x00117fec                accept
 .text          0x001181f0      0x184 c:/devkitPro/libctru/lib\libctru.a(soc_bind.o)
                0x001181f0                bind
 .text          0x00118374       0x78 c:/devkitPro/libctru/lib\libctru.a(soc_closesocket.o)
                0x00118374                closesocket
 .text          0x001183ec       0x3c c:/devkitPro/libctru/lib\libctru.a(soc_common.o)
                0x001183ec                _net_convert_error
 .text          0x00118428      0x168 c:/devkitPro/libctru/lib\libctru.a(soc_fcntl.o)
                0x00118428                fcntl
 .text          0x00118590       0x54 c:/devkitPro/libctru/lib\libctru.a(soc_gethostid.o)
                0x00118590                gethostid
 .text          0x001185e4       0xd4 c:/devkitPro/libctru/lib\libctru.a(soc_inet_ntoa.o)
                0x001185e4                inet_ntoa
 .text          0x001186b8      0x2bc c:/devkitPro/libctru/lib\libctru.a(soc_init.o)
                0x001187c0                SOC_Initialize
                0x00118900                SOC_Shutdown
 .text          0x00118974      0x100 c:/devkitPro/libctru/lib\libctru.a(soc_listen.o)
                0x00118974                listen
 .text          0x00118a74       0x20 c:/devkitPro/libctru/lib\libctru.a(soc_recv.o)
                0x00118a74                recv
 .text          0x00118a94      0x35c c:/devkitPro/libctru/lib\libctru.a(soc_recvfrom.o)
                0x00118a94                socuipc_cmd7
                0x00118bd4                socuipc_cmd8
                0x00118d2c                soc_recvfrom
                0x00118d58                recvfrom
 .text          0x00118df0       0x20 c:/devkitPro/libctru/lib\libctru.a(soc_send.o)
                0x00118df0                send
 .text          0x00118e10      0x388 c:/devkitPro/libctru/lib\libctru.a(soc_sendto.o)
                0x00118e10                socuipc_cmd9
                0x00118f70                socuipc_cmda
                0x001190d4                soc_sendto
                0x00119100                sendto
 .text          0x00119198      0x128 c:/devkitPro/libctru/lib\libctru.a(soc_socket.o)
                0x00119198                socket
 .text          0x001192c0       0x70 c:/devkitPro/libctru/lib\libctru.a(rbtree_find.o)
                0x001192c0                rbtree_find
 .text          0x00119330       0x14 c:/devkitPro/libctru/lib\libctru.a(rbtree_init.o)
                0x00119330                rbtree_init
 .text          0x00119344      0x1f4 c:/devkitPro/libctru/lib\libctru.a(rbtree_insert.o)
                0x00119528                rbtree_insert
                0x00119530                rbtree_insert_multi
 .text          0x00119538      0x340 c:/devkitPro/libctru/lib\libctru.a(rbtree_remove.o)
                0x00119538                rbtree_remove
 .text          0x00119878       0xac c:/devkitPro/libctru/lib\libctru.a(rbtree_rotate.o)
                0x00119878                rbtree_rotate
 .text          0x00119924      0x138 c:/devkitPro/libctru/lib\libctru.a(decode_utf8.o)
                0x00119924                decode_utf8
 .text          0x00119a5c       0xe8 c:/devkitPro/libctru/lib\libctru.a(utf16_to_utf8.o)
                0x00119a5c                utf16_to_utf8
 .text          0x00119b44       0xb8 c:/devkitPro/libctru/lib\libctru.a(utf8_to_utf16.o)
                0x00119b44                utf8_to_utf16
 .text          0x00119bfc       0xa4 c:/devkitPro/libctru/lib\libctru.a(allocateHeaps.o)
                0x00119bfc                __system_allocateHeaps
 .text          0x00119ca0       0xf4 c:/devkitPro/libctru/lib\libctru.a(initArgv.o)
                0x00119ca0                __system_initArgv
 .text          0x00119d94       0x4c c:/devkitPro/libctru/lib\libctru.a(initSystem.o)
                0x00119d94                __libctru_init
 .text          0x00119de0      0x460 c:/devkitPro/libctru/lib\libctru.a(svc.o)
                0x00119de0                svcControlMemory
                0x00119e00                svcQueryMemory
                0x00119e30                svcExitProcess
                0x00119e38                svcCreateThread
                0x00119e58                svcExitThread
                0x00119e60                svcSleepThread
                0x00119e68                svcGetThreadPriority
                0x00119e7c                svcSetThreadPriority
                0x00119e84                svcGetThreadAffinityMask
                0x00119e8c                svcSetThreadAffinityMask
                0x00119e94                svcGetThreadIdealProcessor
                0x00119ea8                svcSetThreadIdealProcessor
                0x00119eb0                svcGetProcessorID
                0x00119eb8                svcCreateMutex
                0x00119ecc                svcReleaseMutex
                0x00119ed4                svcCreateSemaphore
                0x00119ee8                svcReleaseSemaphore
                0x00119efc                svcCreateEvent
                0x00119f10                svcSignalEvent
                0x00119f18                svcClearEvent
                0x00119f20                svcCreateTimer
                0x00119f34                svcSetTimer
                0x00119f3c                svcCancelTimer
                0x00119f44                svcClearTimer
                0x00119f4c                svcCreateMemoryBlock
                0x00119f64                svcMapMemoryBlock
                0x00119f6c                svcUnmapMemoryBlock
                0x00119f74                svcCreateAddressArbiter
                0x00119f88                svcArbitrateAddress
                0x00119fa8                svcCloseHandle
                0x00119fb0                svcWaitSynchronization
                0x00119fb8                svcWaitSynchronizationN
                0x00119fe0                svcDuplicateHandle
                0x00119ff4                svcGetSystemTick
                0x00119ffc                svcGetSystemInfo
                0x0011a014                svcGetProcessInfo
                0x0011a02c                svcGetThreadInfo
                0x0011a044                svcConnectToPort
                0x0011a058                svcSendSyncRequest
                0x0011a060                svcOpenProcess
                0x0011a074                svcOpenThread
                0x0011a088                svcGetProcessId
                0x0011a09c                svcGetProcessIdOfThread
                0x0011a0b0                svcGetThreadId
                0x0011a0c4                svcBreak
                0x0011a0cc                svcOutputDebugString
                0x0011a0d4                svcCreatePort
                0x0011a0f4                svcAcceptSession
                0x0011a10c                svcReplyAndReceive
                0x0011a124                svcInvalidateProcessDataCache
                0x0011a12c                svcFlushProcessDataCache
                0x0011a134                svcStartInterProcessDma
                0x0011a154                svcStopDma
                0x0011a15c                svcGetDmaState
                0x0011a170                svcDebugActiveProcess
                0x0011a184                svcBreakDebugProcess
                0x0011a18c                svcTerminateDebugProcess
                0x0011a194                svcGetProcessDebugEvent
                0x0011a19c                svcContinueDebugEvent
                0x0011a1a4                svcGetProcessList
                0x0011a1c4                svcReadProcessMemory
                0x0011a1cc                svcWriteProcessMemory
                0x0011a1d4                svcControlProcessMemory
                0x0011a1ec                svcMapProcessMemory
                0x0011a1f4                svcUnmapProcessMemory
                0x0011a1fc                svcTerminateProcess
                0x0011a204                svcBackdoor
                0x0011a20c                svcKernelSetState
                0x0011a214                svcQueryProcessMemory
 .text          0x0011a240       0x64 c:/devkitPro/libctru/lib\libctru.a(stack_adjust.o)
                0x0011a240                initSystem
                0x0011a284                __ctru_exit
 .text          0x0011a2a4      0x178 c:/devkitPro/libctru/lib\libctru.a(mappable.o)
                0x0011a2cc                mappableAlloc
                0x0011a3c0                mappableFree
                0x0011a410                mappableSpaceFree
 .text          0x0011a41c      0x1c4 c:/devkitPro/libctru/lib\libctru.a(vram.o)
                0x0011a444                vramMemAlign
                0x0011a574                vramAlloc
                0x0011a57c                vramRealloc
                0x0011a584                vramFree
                0x0011a5d4                vramSpaceFree
 .text          0x0011a5e0      0x118 c:/devkitPro/libctru/lib\libctru.a(rbtree_iterator.o)
                0x0011a5e0                rbtree_node_next
                0x0011a66c                rbtree_node_prev
 .text          0x0011a6f8       0x60 c:/devkitPro/libctru/lib\libctru.a(decode_utf16.o)
                0x0011a6f8                decode_utf16
 .text          0x0011a758       0x68 c:/devkitPro/libctru/lib\libctru.a(encode_utf16.o)
                0x0011a758                encode_utf16
 .text          0x0011a7c0      0x104 c:/devkitPro/libctru/lib\libctru.a(encode_utf8.o)
                0x0011a7c0                encode_utf8
 .text          0x0011a8c4       0x1c c:/devkitPro/libctru/lib\libctru.a(appExit.o)
                0x0011a8c4                __appExit
 .text          0x0011a8e0       0x1c c:/devkitPro/libctru/lib\libctru.a(appInit.o)
                0x0011a8e0                __appInit
 .text          0x0011a8fc       0x90 c:/devkitPro/libctru/lib\libctru.a(ctru_exit.o)
                0x0011a8fc                __libctru_exit
 .text          0x0011a98c     0x2c58 c:/devkitPro/portlibs/armv6k/lib\libz.a(inflate.o)
                0x0011a98c                inflateResetKeep
                0x0011aa1c                inflateReset
                0x0011aab8                inflateReset2
                0x0011abd8                inflateInit2_
                0x0011ad60                inflateInit_
                0x0011aec4                inflatePrime
                0x0011af3c                inflate
                0x0011cdd8                inflateEnd
                0x0011ce3c                inflateGetDictionary
                0x0011ced4                inflateSetDictionary
                0x0011d07c                inflateGetHeader
                0x0011d0b8                inflateSync
                0x0011d370                inflateSyncPoint
                0x0011d3b0                inflateCopy
                0x0011d55c                inflateUndermine
                0x0011d58c                inflateMark
 .text          0x0011d5e4      0xbf4 c:/devkitPro/portlibs/armv6k/lib\libz.a(inftrees.o)
                0x0011d5e4                inflate_table
 .text          0x0011e1d8       0x38 c:/devkitPro/portlibs/armv6k/lib\libz.a(zutil.o)
                0x0011e1d8                zlibVersion
                0x0011e1e4                zlibCompileFlags
                0x0011e1ec                zError
                0x0011e200                zcalloc
                0x0011e208                zcfree
 .text          0x0011e210      0x5c0 c:/devkitPro/portlibs/armv6k/lib\libz.a(adler32.o)
                0x0011e210                adler32
                0x0011e658                adler32_combine
                0x0011e714                adler32_combine64
 .text          0x0011e7d0      0x5d8 c:/devkitPro/portlibs/armv6k/lib\libz.a(crc32.o)
                0x0011e9e4                get_crc_table
                0x0011e9f0                crc32
                0x0011eda0                crc32_combine
                0x0011eda4                crc32_combine64
 .text          0x0011eda8      0xbe4 c:/devkitPro/portlibs/armv6k/lib\libz.a(inffast.o)
                0x0011eda8                inflate_fast
 .text          0x0011f98c        0x0 c:/devkitpro/devkitarm/bin/../lib/gcc/arm-none-eabi/4.9.2/../../../../arm-none-eabi/lib/armv6k/fpu\libstdc++.a(new_handler.o)
 .text          0x0011f98c        0x0 c:/devkitpro/devkitarm/bin/../lib/gcc/arm-none-eabi/4.9.2/../../../../arm-none-eabi/lib/armv6k/fpu\libstdc++.a(del_opv.o)
 .text          0x0011f98c        0x0 c:/devkitpro/devkitarm/bin/../lib/gcc/arm-none-eabi/4.9.2/../../../../arm-none-eabi/lib/armv6k/fpu\libstdc++.a(new_opv.o)
 .text          0x0011f98c        0x0 c:/devkitpro/devkitarm/bin/../lib/gcc/arm-none-eabi/4.9.2/../../../../arm-none-eabi/lib/armv6k/fpu\libstdc++.a(eh_arm.o)
 .text          0x0011f98c        0x0 c:/devkitpro/devkitarm/bin/../lib/gcc/arm-none-eabi/4.9.2/../../../../arm-none-eabi/lib/armv6k/fpu\libstdc++.a(eh_exception.o)
 .text          0x0011f98c        0x0 c:/devkitpro/devkitarm/bin/../lib/gcc/arm-none-eabi/4.9.2/../../../../arm-none-eabi/lib/armv6k/fpu\libstdc++.a(si_class_type_info.o)
 .text          0x0011f98c        0x0 c:/devkitpro/devkitarm/bin/../lib/gcc/arm-none-eabi/4.9.2/../../../../arm-none-eabi/lib/armv6k/fpu\libstdc++.a(eh_call.o)
 .text          0x0011f98c        0x0 c:/devkitpro/devkitarm/bin/../lib/gcc/arm-none-eabi/4.9.2/../../../../arm-none-eabi/lib/armv6k/fpu\libstdc++.a(eh_globals.o)
 .text          0x0011f98c        0x0 c:/devkitpro/devkitarm/bin/../lib/gcc/arm-none-eabi/4.9.2/../../../../arm-none-eabi/lib/armv6k/fpu\libstdc++.a(eh_catch.o)
 .text          0x0011f98c        0x0 c:/devkitpro/devkitarm/bin/../lib/gcc/arm-none-eabi/4.9.2/../../../../arm-none-eabi/lib/armv6k/fpu\libstdc++.a(tinfo.o)
 .text          0x0011f98c        0x0 c:/devkitpro/devkitarm/bin/../lib/gcc/arm-none-eabi/4.9.2/../../../../arm-none-eabi/lib/armv6k/fpu\libstdc++.a(pure.o)
 .text          0x0011f98c        0x0 c:/devkitpro/devkitarm/bin/../lib/gcc/arm-none-eabi/4.9.2/../../../../arm-none-eabi/lib/armv6k/fpu\libstdc++.a(eh_personality.o)
 .text          0x0011f98c        0x0 c:/devkitpro/devkitarm/bin/../lib/gcc/arm-none-eabi/4.9.2/../../../../arm-none-eabi/lib/armv6k/fpu\libstdc++.a(del_op.o)
 .text          0x0011f98c        0x0 c:/devkitpro/devkitarm/bin/../lib/gcc/arm-none-eabi/4.9.2/../../../../arm-none-eabi/lib/armv6k/fpu\libstdc++.a(new_op.o)
 .text          0x0011f98c        0x0 c:/devkitpro/devkitarm/bin/../lib/gcc/arm-none-eabi/4.9.2/../../../../arm-none-eabi/lib/armv6k/fpu\libstdc++.a(new_opvnt.o)
 .text          0x0011f98c        0x0 c:/devkitpro/devkitarm/bin/../lib/gcc/arm-none-eabi/4.9.2/../../../../arm-none-eabi/lib/armv6k/fpu\libstdc++.a(eh_alloc.o)
 .text          0x0011f98c        0x0 c:/devkitpro/devkitarm/bin/../lib/gcc/arm-none-eabi/4.9.2/../../../../arm-none-eabi/lib/armv6k/fpu\libstdc++.a(class_type_info.o)
 .text          0x0011f98c        0x0 c:/devkitpro/devkitarm/bin/../lib/gcc/arm-none-eabi/4.9.2/../../../../arm-none-eabi/lib/armv6k/fpu\libstdc++.a(eh_terminate.o)
 .text          0x0011f98c        0x0 c:/devkitpro/devkitarm/bin/../lib/gcc/arm-none-eabi/4.9.2/../../../../arm-none-eabi/lib/armv6k/fpu\libstdc++.a(eh_unex_handler.o)
 .text          0x0011f98c        0x0 c:/devkitpro/devkitarm/bin/../lib/gcc/arm-none-eabi/4.9.2/../../../../arm-none-eabi/lib/armv6k/fpu\libstdc++.a(bad_alloc.o)
 .text          0x0011f98c        0x0 c:/devkitpro/devkitarm/bin/../lib/gcc/arm-none-eabi/4.9.2/../../../../arm-none-eabi/lib/armv6k/fpu\libstdc++.a(eh_throw.o)
 .text          0x0011f98c        0x0 c:/devkitpro/devkitarm/bin/../lib/gcc/arm-none-eabi/4.9.2/../../../../arm-none-eabi/lib/armv6k/fpu\libstdc++.a(new_opnt.o)
 .text          0x0011f98c        0x0 c:/devkitpro/devkitarm/bin/../lib/gcc/arm-none-eabi/4.9.2/../../../../arm-none-eabi/lib/armv6k/fpu\libstdc++.a(eh_term_handler.o)
 .text          0x0011f98c        0x0 c:/devkitpro/devkitarm/bin/../lib/gcc/arm-none-eabi/4.9.2/../../../../arm-none-eabi/lib/armv6k/fpu\libstdc++.a(vterminate.o)
 .text          0x0011f98c        0x0 c:/devkitpro/devkitarm/bin/../lib/gcc/arm-none-eabi/4.9.2/../../../../arm-none-eabi/lib/armv6k/fpu\libstdc++.a(eh_type.o)
 .text          0x0011f98c     0xd088 c:/devkitpro/devkitarm/bin/../lib/gcc/arm-none-eabi/4.9.2/../../../../arm-none-eabi/lib/armv6k/fpu\libstdc++.a(cp-demangle.o)
                0x0012c898                __cxa_demangle
                0x0012c9e8                __gcclibcxx_demangle_callback
 .text          0x0012ca14      0x20c c:/devkitpro/devkitarm/bin/../lib/gcc/arm-none-eabi/4.9.2/armv6k/fpu\libgcc.a(_udivsi3.o)
                0x0012ca14                __aeabi_uidiv
                0x0012ca14                __udivsi3
                0x0012cc00                __aeabi_uidivmod
 .text          0x0012cc20        0x4 c:/devkitpro/devkitarm/bin/../lib/gcc/arm-none-eabi/4.9.2/armv6k/fpu\libgcc.a(_dvmd_tls.o)
                0x0012cc20                __aeabi_idiv0
                0x0012cc20                __aeabi_ldiv0
 .text          0x0012cc24      0x3b8 c:/devkitpro/devkitarm/bin/../lib/gcc/arm-none-eabi/4.9.2/armv6k/fpu\libgcc.a(_arm_addsubdf3.o)
                0x0012cc24                __aeabi_drsub
                0x0012cc2c                __aeabi_dsub
                0x0012cc2c                __subdf3
                0x0012cc30                __aeabi_dadd
                0x0012cc30                __adddf3
                0x0012cedc                __floatunsidf
                0x0012cedc                __aeabi_ui2d
                0x0012cf00                __floatsidf
                0x0012cf00                __aeabi_i2d
                0x0012cf28                __aeabi_f2d
                0x0012cf28                __extendsfdf2
                0x0012cf68                __floatundidf
                0x0012cf68                __aeabi_ul2d
                0x0012cf7c                __floatdidf
                0x0012cf7c                __aeabi_l2d
 .text          0x0012cfdc      0x250 c:/devkitpro/devkitarm/bin/../lib/gcc/arm-none-eabi/4.9.2/armv6k/fpu\libgcc.a(_arm_addsubsf3.o)
                0x0012cfdc                __aeabi_frsub
                0x0012cfe4                __subsf3
                0x0012cfe4                __aeabi_fsub
                0x0012cfe8                __aeabi_fadd
                0x0012cfe8                __addsf3
                0x0012d178                __aeabi_ui2f
                0x0012d178                __floatunsisf
                0x0012d180                __aeabi_i2f
                0x0012d180                __floatsisf
                0x0012d1a0                __aeabi_ul2f
                0x0012d1a0                __floatundisf
                0x0012d1b0                __aeabi_l2f
                0x0012d1b0                __floatdisf
 .text          0x0012d22c       0x2c c:/devkitpro/devkitarm/bin/../lib/gcc/arm-none-eabi/4.9.2/armv6k/fpu\libgcc.a(_fixdfdi.o)
                0x0012d22c                __fixdfdi
                0x0012d22c                __aeabi_d2lz
 .text          0x0012d258       0x48 c:/devkitpro/devkitarm/bin/../lib/gcc/arm-none-eabi/4.9.2/armv6k/fpu\libgcc.a(_fixunsdfdi.o)
                0x0012d258                __fixunsdfdi
                0x0012d258                __aeabi_d2ulz
 .text          0x0012d2a0     0x1080 c:/devkitpro/devkitarm/bin/../lib/gcc/arm-none-eabi/4.9.2/armv6k/fpu\libgcc.a(unwind-arm.o)
                0x0012d740                _Unwind_GetCFA
                0x0012d748                __gnu_Unwind_RaiseException
                0x0012d7f0                __gnu_Unwind_ForcedUnwind
                0x0012d814                __gnu_Unwind_Resume
                0x0012d888                __gnu_Unwind_Resume_or_Rethrow
                0x0012d8a8                _Unwind_Complete
                0x0012d8ac                _Unwind_DeleteException
                0x0012d8c4                _Unwind_VRS_Get
                0x0012d94c                _Unwind_VRS_Set
                0x0012d9d8                __gnu_Unwind_Backtrace
                0x0012dedc                __aeabi_unwind_cpp_pr0
                0x0012dee4                __aeabi_unwind_cpp_pr1
                0x0012deec                __aeabi_unwind_cpp_pr2
                0x0012def4                _Unwind_VRS_Pop
 .text          0x0012e320      0x1a8 c:/devkitpro/devkitarm/bin/../lib/gcc/arm-none-eabi/4.9.2/armv6k/fpu\libgcc.a(libunwind.o)
                0x0012e320                __restore_core_regs
                0x0012e320                restore_core_regs
                0x0012e334                __gnu_Unwind_Restore_VFP
                0x0012e33c                __gnu_Unwind_Save_VFP
                0x0012e344                __gnu_Unwind_Restore_VFP_D
                0x0012e34c                __gnu_Unwind_Save_VFP_D
                0x0012e354                __gnu_Unwind_Restore_VFP_D_16_to_31
                0x0012e35c                __gnu_Unwind_Save_VFP_D_16_to_31
                0x0012e364                __gnu_Unwind_Restore_WMMXD
                0x0012e3a8                __gnu_Unwind_Save_WMMXD
                0x0012e3ec                __gnu_Unwind_Restore_WMMXC
                0x0012e400                __gnu_Unwind_Save_WMMXC
                0x0012e414                ___Unwind_RaiseException
                0x0012e414                _Unwind_RaiseException
                0x0012e438                _Unwind_Resume
                0x0012e438                ___Unwind_Resume
                0x0012e45c                _Unwind_Resume_or_Rethrow
                0x0012e45c                ___Unwind_Resume_or_Rethrow
                0x0012e480                _Unwind_ForcedUnwind
                0x0012e480                ___Unwind_ForcedUnwind
                0x0012e4a4                ___Unwind_Backtrace
                0x0012e4a4                _Unwind_Backtrace
 .text          0x0012e4c8      0x4d0 c:/devkitpro/devkitarm/bin/../lib/gcc/arm-none-eabi/4.9.2/armv6k/fpu\libgcc.a(pr-support.o)
                0x0012e558                __gnu_unwind_execute
                0x0012e918                __gnu_unwind_frame
                0x0012e95c                _Unwind_GetRegionStart
                0x0012e96c                _Unwind_GetLanguageSpecificData
                0x0012e988                _Unwind_GetDataRelBase
                0x0012e990                _Unwind_GetTextRelBase
 .text          0x0012e998        0x0 c:/devkitpro/devkitarm/bin/../lib/gcc/arm-none-eabi/4.9.2/../../../../arm-none-eabi/lib/armv6k/fpu\libg.a(lib_a-abort.o)
 .text          0x0012e998        0x0 c:/devkitpro/devkitarm/bin/../lib/gcc/arm-none-eabi/4.9.2/../../../../arm-none-eabi/lib/armv6k/fpu\libg.a(lib_a-atof.o)
 .text          0x0012e998        0x0 c:/devkitpro/devkitarm/bin/../lib/gcc/arm-none-eabi/4.9.2/../../../../arm-none-eabi/lib/armv6k/fpu\libg.a(lib_a-atoi.o)
 .text          0x0012e998        0x0 c:/devkitpro/devkitarm/bin/../lib/gcc/arm-none-eabi/4.9.2/../../../../arm-none-eabi/lib/armv6k/fpu\libg.a(lib_a-atoll.o)
 .text          0x0012e998        0x0 c:/devkitpro/devkitarm/bin/../lib/gcc/arm-none-eabi/4.9.2/../../../../arm-none-eabi/lib/armv6k/fpu\libg.a(lib_a-bsearch.o)
 .text          0x0012e998        0x0 c:/devkitpro/devkitarm/bin/../lib/gcc/arm-none-eabi/4.9.2/../../../../arm-none-eabi/lib/armv6k/fpu\libg.a(lib_a-calloc.o)
 .text          0x0012e998        0x0 c:/devkitpro/devkitarm/bin/../lib/gcc/arm-none-eabi/4.9.2/../../../../arm-none-eabi/lib/armv6k/fpu\libg.a(lib_a-callocr.o)
 .text          0x0012e998        0x0 c:/devkitpro/devkitarm/bin/../lib/gcc/arm-none-eabi/4.9.2/../../../../arm-none-eabi/lib/armv6k/fpu\libg.a(lib_a-ctype_.o)
 .text          0x0012e998        0x0 c:/devkitpro/devkitarm/bin/../lib/gcc/arm-none-eabi/4.9.2/../../../../arm-none-eabi/lib/armv6k/fpu\libg.a(lib_a-errno.o)
 .text          0x0012e998        0x0 c:/devkitpro/devkitarm/bin/../lib/gcc/arm-none-eabi/4.9.2/../../../../arm-none-eabi/lib/armv6k/fpu\libg.a(lib_a-exit.o)
 .text          0x0012e998        0x0 c:/devkitpro/devkitarm/bin/../lib/gcc/arm-none-eabi/4.9.2/../../../../arm-none-eabi/lib/armv6k/fpu\libg.a(lib_a-fclose.o)
 .text          0x0012e998        0x0 c:/devkitpro/devkitarm/bin/../lib/gcc/arm-none-eabi/4.9.2/../../../../arm-none-eabi/lib/armv6k/fpu\libg.a(lib_a-ferror.o)
 .text          0x0012e998        0x0 c:/devkitpro/devkitarm/bin/../lib/gcc/arm-none-eabi/4.9.2/../../../../arm-none-eabi/lib/armv6k/fpu\libg.a(lib_a-fflush.o)
 .text          0x0012e998        0x0 c:/devkitpro/devkitarm/bin/../lib/gcc/arm-none-eabi/4.9.2/../../../../arm-none-eabi/lib/armv6k/fpu\libg.a(lib_a-fgetc.o)
 .text          0x0012e998        0x0 c:/devkitpro/devkitarm/bin/../lib/gcc/arm-none-eabi/4.9.2/../../../../arm-none-eabi/lib/armv6k/fpu\libg.a(lib_a-fileno.o)
 .text          0x0012e998        0x0 c:/devkitpro/devkitarm/bin/../lib/gcc/arm-none-eabi/4.9.2/../../../../arm-none-eabi/lib/armv6k/fpu\libg.a(lib_a-findfp.o)
 .text          0x0012e998        0x0 c:/devkitpro/devkitarm/bin/../lib/gcc/arm-none-eabi/4.9.2/../../../../arm-none-eabi/lib/armv6k/fpu\libg.a(lib_a-fini.o)
 .text          0x0012e998        0x0 c:/devkitpro/devkitarm/bin/../lib/gcc/arm-none-eabi/4.9.2/../../../../arm-none-eabi/lib/armv6k/fpu\libg.a(lib_a-fopen.o)
 .text          0x0012e998        0x0 c:/devkitpro/devkitarm/bin/../lib/gcc/arm-none-eabi/4.9.2/../../../../arm-none-eabi/lib/armv6k/fpu\libg.a(lib_a-fprintf.o)
 .text          0x0012e998        0x0 c:/devkitpro/devkitarm/bin/../lib/gcc/arm-none-eabi/4.9.2/../../../../arm-none-eabi/lib/armv6k/fpu\libg.a(lib_a-fputc.o)
 .text          0x0012e998        0x0 c:/devkitpro/devkitarm/bin/../lib/gcc/arm-none-eabi/4.9.2/../../../../arm-none-eabi/lib/armv6k/fpu\libg.a(lib_a-fputs.o)
 .text          0x0012e998        0x0 c:/devkitpro/devkitarm/bin/../lib/gcc/arm-none-eabi/4.9.2/../../../../arm-none-eabi/lib/armv6k/fpu\libg.a(lib_a-fread.o)
 .text          0x0012e998        0x0 c:/devkitpro/devkitarm/bin/../lib/gcc/arm-none-eabi/4.9.2/../../../../arm-none-eabi/lib/armv6k/fpu\libg.a(lib_a-freer.o)
 .text          0x0012e998        0x0 c:/devkitpro/devkitarm/bin/../lib/gcc/arm-none-eabi/4.9.2/../../../../arm-none-eabi/lib/armv6k/fpu\libg.a(lib_a-fseek.o)
 .text          0x0012e998        0x0 c:/devkitpro/devkitarm/bin/../lib/gcc/arm-none-eabi/4.9.2/../../../../arm-none-eabi/lib/armv6k/fpu\libg.a(lib_a-fseeko.o)
 .text          0x0012e998        0x0 c:/devkitpro/devkitarm/bin/../lib/gcc/arm-none-eabi/4.9.2/../../../../arm-none-eabi/lib/armv6k/fpu\libg.a(lib_a-ftell.o)
 .text          0x0012e998        0x0 c:/devkitpro/devkitarm/bin/../lib/gcc/arm-none-eabi/4.9.2/../../../../arm-none-eabi/lib/armv6k/fpu\libg.a(lib_a-ftello.o)
 .text          0x0012e998        0x0 c:/devkitpro/devkitarm/bin/../lib/gcc/arm-none-eabi/4.9.2/../../../../arm-none-eabi/lib/armv6k/fpu\libg.a(lib_a-fvwrite.o)
 .text          0x0012e998        0x0 c:/devkitpro/devkitarm/bin/../lib/gcc/arm-none-eabi/4.9.2/../../../../arm-none-eabi/lib/armv6k/fpu\libg.a(lib_a-fwalk.o)
 .text          0x0012e998        0x0 c:/devkitpro/devkitarm/bin/../lib/gcc/arm-none-eabi/4.9.2/../../../../arm-none-eabi/lib/armv6k/fpu\libg.a(lib_a-fwrite.o)
 .text          0x0012e998        0x0 c:/devkitpro/devkitarm/bin/../lib/gcc/arm-none-eabi/4.9.2/../../../../arm-none-eabi/lib/armv6k/fpu\libg.a(lib_a-impure.o)
 .text          0x0012e998        0x0 c:/devkitpro/devkitarm/bin/../lib/gcc/arm-none-eabi/4.9.2/../../../../arm-none-eabi/lib/armv6k/fpu\libg.a(lib_a-init.o)
 .text          0x0012e998        0x0 c:/devkitpro/devkitarm/bin/../lib/gcc/arm-none-eabi/4.9.2/../../../../arm-none-eabi/lib/armv6k/fpu\libg.a(lib_a-isalpha.o)
 .text          0x0012e998        0x0 c:/devkitpro/devkitarm/bin/../lib/gcc/arm-none-eabi/4.9.2/../../../../arm-none-eabi/lib/armv6k/fpu\libg.a(lib_a-isspace.o)
 .text          0x0012e998        0x0 c:/devkitpro/devkitarm/bin/../lib/gcc/arm-none-eabi/4.9.2/../../../../arm-none-eabi/lib/armv6k/fpu\libg.a(lib_a-makebuf.o)
 .text          0x0012e998        0x0 c:/devkitpro/devkitarm/bin/../lib/gcc/arm-none-eabi/4.9.2/../../../../arm-none-eabi/lib/armv6k/fpu\libg.a(lib_a-malign.o)
 .text          0x0012e998        0x0 c:/devkitpro/devkitarm/bin/../lib/gcc/arm-none-eabi/4.9.2/../../../../arm-none-eabi/lib/armv6k/fpu\libg.a(lib_a-malignr.o)
 .text          0x0012e998        0x0 c:/devkitpro/devkitarm/bin/../lib/gcc/arm-none-eabi/4.9.2/../../../../arm-none-eabi/lib/armv6k/fpu\libg.a(lib_a-malloc.o)
 .text          0x0012e998        0x0 c:/devkitpro/devkitarm/bin/../lib/gcc/arm-none-eabi/4.9.2/../../../../arm-none-eabi/lib/armv6k/fpu\libg.a(lib_a-mallocr.o)
 .text          0x0012e998        0x0 c:/devkitpro/devkitarm/bin/../lib/gcc/arm-none-eabi/4.9.2/../../../../arm-none-eabi/lib/armv6k/fpu\libg.a(lib_a-memchr.o)
 .text          0x0012e998        0x0 c:/devkitpro/devkitarm/bin/../lib/gcc/arm-none-eabi/4.9.2/../../../../arm-none-eabi/lib/armv6k/fpu\libg.a(lib_a-memcmp.o)
 .text          0x0012e998        0x0 c:/devkitpro/devkitarm/bin/../lib/gcc/arm-none-eabi/4.9.2/../../../../arm-none-eabi/lib/armv6k/fpu\libg.a(lib_a-memcpy.o)
 .text          0x0012e998        0x0 c:/devkitpro/devkitarm/bin/../lib/gcc/arm-none-eabi/4.9.2/../../../../arm-none-eabi/lib/armv6k/fpu\libg.a(lib_a-memmove.o)
 .text          0x0012e998        0x0 c:/devkitpro/devkitarm/bin/../lib/gcc/arm-none-eabi/4.9.2/../../../../arm-none-eabi/lib/armv6k/fpu\libg.a(lib_a-memset.o)
 .text          0x0012e998        0x0 c:/devkitpro/devkitarm/bin/../lib/gcc/arm-none-eabi/4.9.2/../../../../arm-none-eabi/lib/armv6k/fpu\libg.a(lib_a-mlock.o)
 .text          0x0012e998        0x0 c:/devkitpro/devkitarm/bin/../lib/gcc/arm-none-eabi/4.9.2/../../../../arm-none-eabi/lib/armv6k/fpu\libg.a(lib_a-printf.o)
 .text          0x0012e998        0x0 c:/devkitpro/devkitarm/bin/../lib/gcc/arm-none-eabi/4.9.2/../../../../arm-none-eabi/lib/armv6k/fpu\libg.a(lib_a-putchar.o)
 .text          0x0012e998        0x0 c:/devkitpro/devkitarm/bin/../lib/gcc/arm-none-eabi/4.9.2/../../../../arm-none-eabi/lib/armv6k/fpu\libg.a(lib_a-putc.o)
 .text          0x0012e998        0x0 c:/devkitpro/devkitarm/bin/../lib/gcc/arm-none-eabi/4.9.2/../../../../arm-none-eabi/lib/armv6k/fpu\libg.a(lib_a-puts.o)
 .text          0x0012e998        0x0 c:/devkitpro/devkitarm/bin/../lib/gcc/arm-none-eabi/4.9.2/../../../../arm-none-eabi/lib/armv6k/fpu\libg.a(lib_a-qsort.o)
 .text          0x0012e998        0x0 c:/devkitpro/devkitarm/bin/../lib/gcc/arm-none-eabi/4.9.2/../../../../arm-none-eabi/lib/armv6k/fpu\libg.a(lib_a-rand.o)
 .text          0x0012e998        0x0 c:/devkitpro/devkitarm/bin/../lib/gcc/arm-none-eabi/4.9.2/../../../../arm-none-eabi/lib/armv6k/fpu\libg.a(lib_a-realloc.o)
 .text          0x0012e998        0x0 c:/devkitpro/devkitarm/bin/../lib/gcc/arm-none-eabi/4.9.2/../../../../arm-none-eabi/lib/armv6k/fpu\libg.a(lib_a-reallocr.o)
 .text          0x0012e998        0x0 c:/devkitpro/devkitarm/bin/../lib/gcc/arm-none-eabi/4.9.2/../../../../arm-none-eabi/lib/armv6k/fpu\libg.a(lib_a-refill.o)
 .text          0x0012e998        0x0 c:/devkitpro/devkitarm/bin/../lib/gcc/arm-none-eabi/4.9.2/../../../../arm-none-eabi/lib/armv6k/fpu\libg.a(lib_a-rewind.o)
 .text          0x0012e998        0x0 c:/devkitpro/devkitarm/bin/../lib/gcc/arm-none-eabi/4.9.2/../../../../arm-none-eabi/lib/armv6k/fpu\libg.a(lib_a-rget.o)
 .text          0x0012e998        0x0 c:/devkitpro/devkitarm/bin/../lib/gcc/arm-none-eabi/4.9.2/../../../../arm-none-eabi/lib/armv6k/fpu\libg.a(lib_a-setvbuf.o)
 .text          0x0012e998        0x0 c:/devkitpro/devkitarm/bin/../lib/gcc/arm-none-eabi/4.9.2/../../../../arm-none-eabi/lib/armv6k/fpu\libg.a(lib_a-signal.o)
 .text          0x0012e998        0x0 c:/devkitpro/devkitarm/bin/../lib/gcc/arm-none-eabi/4.9.2/../../../../arm-none-eabi/lib/armv6k/fpu\libg.a(lib_a-siprintf.o)
 .text          0x0012e998        0x0 c:/devkitpro/devkitarm/bin/../lib/gcc/arm-none-eabi/4.9.2/../../../../arm-none-eabi/lib/armv6k/fpu\libg.a(lib_a-snprintf.o)
 .text          0x0012e998        0x0 c:/devkitpro/devkitarm/bin/../lib/gcc/arm-none-eabi/4.9.2/../../../../arm-none-eabi/lib/armv6k/fpu\libg.a(lib_a-sprintf.o)
 .text          0x0012e998        0x0 c:/devkitpro/devkitarm/bin/../lib/gcc/arm-none-eabi/4.9.2/../../../../arm-none-eabi/lib/armv6k/fpu\libg.a(lib_a-sscanf.o)
 .text          0x0012e998        0x0 c:/devkitpro/devkitarm/bin/../lib/gcc/arm-none-eabi/4.9.2/../../../../arm-none-eabi/lib/armv6k/fpu\libg.a(lib_a-stdio.o)
 .text          0x0012e998        0x0 c:/devkitpro/devkitarm/bin/../lib/gcc/arm-none-eabi/4.9.2/../../../../arm-none-eabi/lib/armv6k/fpu\libg.a(lib_a-strcasecmp.o)
 .text          0x0012e998        0x0 c:/devkitpro/devkitarm/bin/../lib/gcc/arm-none-eabi/4.9.2/../../../../arm-none-eabi/lib/armv6k/fpu\libg.a(lib_a-strcat.o)
 .text          0x0012e998        0x0 c:/devkitpro/devkitarm/bin/../lib/gcc/arm-none-eabi/4.9.2/../../../../arm-none-eabi/lib/armv6k/fpu\libg.a(lib_a-strchr.o)
 *fill*         0x0012e998        0x8 
 .text          0x0012e9a0      0x3a0 c:/devkitpro/devkitarm/bin/../lib/gcc/arm-none-eabi/4.9.2/../../../../arm-none-eabi/lib/armv6k/fpu\libg.a(lib_a-strcmp.o)
                0x0012e9a8                strcmp
 .text          0x0012ed40        0x0 c:/devkitpro/devkitarm/bin/../lib/gcc/arm-none-eabi/4.9.2/../../../../arm-none-eabi/lib/armv6k/fpu\libg.a(lib_a-strcpy.o)
 .text          0x0012ed40        0x0 c:/devkitpro/devkitarm/bin/../lib/gcc/arm-none-eabi/4.9.2/../../../../arm-none-eabi/lib/armv6k/fpu\libg.a(lib_a-strdup.o)
 .text          0x0012ed40        0x0 c:/devkitpro/devkitarm/bin/../lib/gcc/arm-none-eabi/4.9.2/../../../../arm-none-eabi/lib/armv6k/fpu\libg.a(lib_a-strdup_r.o)
 .text          0x0012ed40        0x0 c:/devkitpro/devkitarm/bin/../lib/gcc/arm-none-eabi/4.9.2/../../../../arm-none-eabi/lib/armv6k/fpu\libg.a(lib_a-strlen.o)
 .text          0x0012ed40        0x0 c:/devkitpro/devkitarm/bin/../lib/gcc/arm-none-eabi/4.9.2/../../../../arm-none-eabi/lib/armv6k/fpu\libg.a(lib_a-strncat.o)
 .text          0x0012ed40        0x0 c:/devkitpro/devkitarm/bin/../lib/gcc/arm-none-eabi/4.9.2/../../../../arm-none-eabi/lib/armv6k/fpu\libg.a(lib_a-strncmp.o)
 .text          0x0012ed40        0x0 c:/devkitpro/devkitarm/bin/../lib/gcc/arm-none-eabi/4.9.2/../../../../arm-none-eabi/lib/armv6k/fpu\libg.a(lib_a-strncpy.o)
 .text          0x0012ed40        0x0 c:/devkitpro/devkitarm/bin/../lib/gcc/arm-none-eabi/4.9.2/../../../../arm-none-eabi/lib/armv6k/fpu\libg.a(lib_a-strrchr.o)
 .text          0x0012ed40        0x0 c:/devkitpro/devkitarm/bin/../lib/gcc/arm-none-eabi/4.9.2/../../../../arm-none-eabi/lib/armv6k/fpu\libg.a(lib_a-strtod.o)
 .text          0x0012ed40        0x0 c:/devkitpro/devkitarm/bin/../lib/gcc/arm-none-eabi/4.9.2/../../../../arm-none-eabi/lib/armv6k/fpu\libg.a(lib_a-strtoll.o)
 .text          0x0012ed40        0x0 c:/devkitpro/devkitarm/bin/../lib/gcc/arm-none-eabi/4.9.2/../../../../arm-none-eabi/lib/armv6k/fpu\libg.a(lib_a-strtoll_r.o)
 .text          0x0012ed40        0x0 c:/devkitpro/devkitarm/bin/../lib/gcc/arm-none-eabi/4.9.2/../../../../arm-none-eabi/lib/armv6k/fpu\libg.a(lib_a-strtol.o)
 .text          0x0012ed40        0x0 c:/devkitpro/devkitarm/bin/../lib/gcc/arm-none-eabi/4.9.2/../../../../arm-none-eabi/lib/armv6k/fpu\libg.a(lib_a-strtoull.o)
 .text          0x0012ed40        0x0 c:/devkitpro/devkitarm/bin/../lib/gcc/arm-none-eabi/4.9.2/../../../../arm-none-eabi/lib/armv6k/fpu\libg.a(lib_a-strtoull_r.o)
 .text          0x0012ed40        0x0 c:/devkitpro/devkitarm/bin/../lib/gcc/arm-none-eabi/4.9.2/../../../../arm-none-eabi/lib/armv6k/fpu\libg.a(lib_a-strtoul.o)
 .text          0x0012ed40        0x0 c:/devkitpro/devkitarm/bin/../lib/gcc/arm-none-eabi/4.9.2/../../../../arm-none-eabi/lib/armv6k/fpu\libg.a(lib_a-svfiprintf.o)
 .text          0x0012ed40        0x0 c:/devkitpro/devkitarm/bin/../lib/gcc/arm-none-eabi/4.9.2/../../../../arm-none-eabi/lib/armv6k/fpu\libg.a(lib_a-svfprintf.o)
 .text          0x0012ed40        0x0 c:/devkitpro/devkitarm/bin/../lib/gcc/arm-none-eabi/4.9.2/../../../../arm-none-eabi/lib/armv6k/fpu\libg.a(lib_a-svfscanf.o)
 .text          0x0012ed40        0x0 c:/devkitpro/devkitarm/bin/../lib/gcc/arm-none-eabi/4.9.2/../../../../arm-none-eabi/lib/armv6k/fpu\libg.a(lib_a-sysclose.o)
 .text          0x0012ed40        0x0 c:/devkitpro/devkitarm/bin/../lib/gcc/arm-none-eabi/4.9.2/../../../../arm-none-eabi/lib/armv6k/fpu\libg.a(lib_a-sysfstat.o)
 .text          0x0012ed40        0x0 c:/devkitpro/devkitarm/bin/../lib/gcc/arm-none-eabi/4.9.2/../../../../arm-none-eabi/lib/armv6k/fpu\libg.a(lib_a-sysopen.o)
 .text          0x0012ed40        0x0 c:/devkitpro/devkitarm/bin/../lib/gcc/arm-none-eabi/4.9.2/../../../../arm-none-eabi/lib/armv6k/fpu\libg.a(lib_a-sysstat.o)
 .text          0x0012ed40        0x0 c:/devkitpro/devkitarm/bin/../lib/gcc/arm-none-eabi/4.9.2/../../../../arm-none-eabi/lib/armv6k/fpu\libg.a(lib_a-syswrite.o)
 .text          0x0012ed40        0x0 c:/devkitpro/devkitarm/bin/../lib/gcc/arm-none-eabi/4.9.2/../../../../arm-none-eabi/lib/armv6k/fpu\libg.a(lib_a-time.o)
 .text          0x0012ed40        0x0 c:/devkitpro/devkitarm/bin/../lib/gcc/arm-none-eabi/4.9.2/../../../../arm-none-eabi/lib/armv6k/fpu\libg.a(lib_a-vfprintf.o)
 .text          0x0012ed40        0x0 c:/devkitpro/devkitarm/bin/../lib/gcc/arm-none-eabi/4.9.2/../../../../arm-none-eabi/lib/armv6k/fpu\libg.a(lib_a-vsprintf.o)
 .text          0x0012ed40        0x0 c:/devkitpro/devkitarm/bin/../lib/gcc/arm-none-eabi/4.9.2/../../../../arm-none-eabi/lib/armv6k/fpu\libg.a(lib_a-wbuf.o)
 .text          0x0012ed40        0x0 c:/devkitpro/devkitarm/bin/../lib/gcc/arm-none-eabi/4.9.2/../../../../arm-none-eabi/lib/armv6k/fpu\libg.a(lib_a-wcrtomb.o)
 .text          0x0012ed40        0x0 c:/devkitpro/devkitarm/bin/../lib/gcc/arm-none-eabi/4.9.2/../../../../arm-none-eabi/lib/armv6k/fpu\libg.a(lib_a-wcsrtombs.o)
 .text          0x0012ed40        0x0 c:/devkitpro/devkitarm/bin/../lib/gcc/arm-none-eabi/4.9.2/../../../../arm-none-eabi/lib/armv6k/fpu\libg.a(lib_a-wctomb_r.o)
 .text          0x0012ed40        0x0 c:/devkitpro/devkitarm/bin/../lib/gcc/arm-none-eabi/4.9.2/../../../../arm-none-eabi/lib/armv6k/fpu\libg.a(lib_a-wsetup.o)
 .text          0x0012ed40        0x0 c:/devkitpro/devkitarm/bin/../lib/gcc/arm-none-eabi/4.9.2/../../../../arm-none-eabi/lib/armv6k/fpu\libg.a(lib_a-__call_atexit.o)
 .text          0x0012ed40        0x0 c:/devkitpro/devkitarm/bin/../lib/gcc/arm-none-eabi/4.9.2/../../../../arm-none-eabi/lib/armv6k/fpu\libg.a(lib_a-dtoa.o)
 .text          0x0012ed40        0x0 c:/devkitpro/devkitarm/bin/../lib/gcc/arm-none-eabi/4.9.2/../../../../arm-none-eabi/lib/armv6k/fpu\libg.a(lib_a-flags.o)
 .text          0x0012ed40        0x0 c:/devkitpro/devkitarm/bin/../lib/gcc/arm-none-eabi/4.9.2/../../../../arm-none-eabi/lib/armv6k/fpu\libg.a(lib_a-gdtoa-gethex.o)
 .text          0x0012ed40        0x0 c:/devkitpro/devkitarm/bin/../lib/gcc/arm-none-eabi/4.9.2/../../../../arm-none-eabi/lib/armv6k/fpu\libg.a(lib_a-gdtoa-hexnan.o)
 .text          0x0012ed40        0x0 c:/devkitpro/devkitarm/bin/../lib/gcc/arm-none-eabi/4.9.2/../../../../arm-none-eabi/lib/armv6k/fpu\libg.a(lib_a-iswspace.o)
 .text          0x0012ed40        0x0 c:/devkitpro/devkitarm/bin/../lib/gcc/arm-none-eabi/4.9.2/../../../../arm-none-eabi/lib/armv6k/fpu\libg.a(lib_a-jp2uc.o)
 .text          0x0012ed40        0x0 c:/devkitpro/devkitarm/bin/../lib/gcc/arm-none-eabi/4.9.2/../../../../arm-none-eabi/lib/armv6k/fpu\libg.a(lib_a-locale.o)
 .text          0x0012ed40        0x0 c:/devkitpro/devkitarm/bin/../lib/gcc/arm-none-eabi/4.9.2/../../../../arm-none-eabi/lib/armv6k/fpu\libg.a(lib_a-mbrtowc.o)
 .text          0x0012ed40        0x0 c:/devkitpro/devkitarm/bin/../lib/gcc/arm-none-eabi/4.9.2/../../../../arm-none-eabi/lib/armv6k/fpu\libg.a(lib_a-mbtowc_r.o)
 .text          0x0012ed40        0x0 c:/devkitpro/devkitarm/bin/../lib/gcc/arm-none-eabi/4.9.2/../../../../arm-none-eabi/lib/armv6k/fpu\libg.a(lib_a-mprec.o)
 .text          0x0012ed40        0x0 c:/devkitpro/devkitarm/bin/../lib/gcc/arm-none-eabi/4.9.2/../../../../arm-none-eabi/lib/armv6k/fpu\libg.a(lib_a-sccl.o)
 .text          0x0012ed40        0x0 c:/devkitpro/devkitarm/bin/../lib/gcc/arm-none-eabi/4.9.2/../../../../arm-none-eabi/lib/armv6k/fpu\libg.a(lib_a-sf_nan.o)
 .text          0x0012ed40        0x0 c:/devkitpro/devkitarm/bin/../lib/gcc/arm-none-eabi/4.9.2/../../../../arm-none-eabi/lib/armv6k/fpu\libg.a(lib_a-s_fpclassify.o)
 .text          0x0012ed40        0x0 c:/devkitpro/devkitarm/bin/../lib/gcc/arm-none-eabi/4.9.2/../../../../arm-none-eabi/lib/armv6k/fpu\libg.a(lib_a-s_frexp.o)
 .text          0x0012ed40        0x0 c:/devkitpro/devkitarm/bin/../lib/gcc/arm-none-eabi/4.9.2/../../../../arm-none-eabi/lib/armv6k/fpu\libg.a(lib_a-stpncpy.o)
 .text          0x0012ed40        0x0 c:/devkitpro/devkitarm/bin/../lib/gcc/arm-none-eabi/4.9.2/../../../../arm-none-eabi/lib/armv6k/fpu\libg.a(lib_a-strlcpy.o)
 .text          0x0012ed40        0x0 c:/devkitpro/devkitarm/bin/../lib/gcc/arm-none-eabi/4.9.2/../../../../arm-none-eabi/lib/armv6k/fpu\libg.a(lib_a-strncasecmp.o)
 .text          0x0012ed40        0x0 c:/devkitpro/devkitarm/bin/../lib/gcc/arm-none-eabi/4.9.2/../../../../arm-none-eabi/lib/armv6k/fpu\libg.a(lib_a-svfiscanf.o)
 .text          0x0012ed40        0x0 c:/devkitpro/devkitarm/bin/../lib/gcc/arm-none-eabi/4.9.2/../../../../arm-none-eabi/lib/armv6k/fpu\libg.a(lib_a-ungetc.o)
 .text          0x0012ed40        0x0 c:/devkitpro/devkitarm/bin/../lib/gcc/arm-none-eabi/4.9.2/../../../../arm-none-eabi/lib/armv6k/fpu\libg.a(lib_a-vfiprintf.o)
 .text          0x0012ed40        0x0 c:/devkitpro/devkitarm/bin/../lib/gcc/arm-none-eabi/4.9.2/../../../../arm-none-eabi/lib/armv6k/fpu\libg.a(lib_a-wcsnrtombs.o)
 .text          0x0012ed40        0x0 c:/devkitpro/devkitarm/bin/../lib/gcc/arm-none-eabi/4.9.2/../../../../arm-none-eabi/lib/armv6k/fpu\libg.a(lib_a-fputwc.o)
 .text          0x0012ed40        0x0 c:/devkitpro/devkitarm/bin/../lib/gcc/arm-none-eabi/4.9.2/../../../../arm-none-eabi/lib/armv6k/fpu\libg.a(lib_a-getenv_r.o)
 .text          0x0012ed40        0x0 c:/devkitpro/devkitarm/bin/../lib/gcc/arm-none-eabi/4.9.2/../../../../arm-none-eabi/lib/armv6k/fpu\libg.a(lib_a-environ.o)
 .text          0x0012ed40        0x0 c:/devkitpro/devkitarm/bin/../lib/gcc/arm-none-eabi/4.9.2/../../../../arm-none-eabi/lib/armv6k/fpu\libg.a(lib_a-envlock.o)
 .text          0x0012ed40      0x1a8 c:/devkitpro/devkitarm/bin/../lib/gcc/arm-none-eabi/4.9.2/../../../../arm-none-eabi/lib/armv6k/fpu\libsysbase.a(iosupport.o)
                0x0012ed40                setDefaultDevice
                0x0012ed58                FindDevice
                0x0012ee04                RemoveDevice
                0x0012ee30                AddDevice
                0x0012eec4                GetDeviceOpTab
 .text          0x0012eee8       0x7c c:/devkitpro/devkitarm/bin/../lib/gcc/arm-none-eabi/4.9.2/../../../../arm-none-eabi/lib/armv6k/fpu\libsysbase.a(close.o)
                0x0012eee8                _close_r
 .text          0x0012ef64       0x6c c:/devkitpro/devkitarm/bin/../lib/gcc/arm-none-eabi/4.9.2/../../../../arm-none-eabi/lib/armv6k/fpu\libsysbase.a(fstat.o)
                0x0012ef64                _fstat_r
 .text          0x0012efd0       0x10 c:/devkitpro/devkitarm/bin/../lib/gcc/arm-none-eabi/4.9.2/../../../../arm-none-eabi/lib/armv6k/fpu\libsysbase.a(getpid.o)
                0x0012efd0                _getpid_r
 .text          0x0012efe0       0x2c c:/devkitpro/devkitarm/bin/../lib/gcc/arm-none-eabi/4.9.2/../../../../arm-none-eabi/lib/armv6k/fpu\libsysbase.a(gettod.o)
                0x0012efe0                _gettimeofday_r
 .text          0x0012f00c        0x8 c:/devkitpro/devkitarm/bin/../lib/gcc/arm-none-eabi/4.9.2/../../../../arm-none-eabi/lib/armv6k/fpu\libsysbase.a(isatty.o)
                0x0012f00c                _isatty_r
 .text          0x0012f014       0x10 c:/devkitpro/devkitarm/bin/../lib/gcc/arm-none-eabi/4.9.2/../../../../arm-none-eabi/lib/armv6k/fpu\libsysbase.a(kill.o)
                0x0012f014                _kill_r
 .text          0x0012f024       0x74 c:/devkitpro/devkitarm/bin/../lib/gcc/arm-none-eabi/4.9.2/../../../../arm-none-eabi/lib/armv6k/fpu\libsysbase.a(lseek.o)
                0x0012f024                _lseek_r
 .text          0x0012f098       0xc8 c:/devkitpro/devkitarm/bin/../lib/gcc/arm-none-eabi/4.9.2/../../../../arm-none-eabi/lib/armv6k/fpu\libsysbase.a(open.o)
                0x0012f098                _open_r
 .text          0x0012f160       0x74 c:/devkitpro/devkitarm/bin/../lib/gcc/arm-none-eabi/4.9.2/../../../../arm-none-eabi/lib/armv6k/fpu\libsysbase.a(read.o)
                0x0012f160                _read_r
 .text          0x0012f1d4       0x70 c:/devkitpro/devkitarm/bin/../lib/gcc/arm-none-eabi/4.9.2/../../../../arm-none-eabi/lib/armv6k/fpu\libsysbase.a(sbrk.o)
                0x0012f1d4                _sbrk_r
 .text          0x0012f244       0x6c c:/devkitpro/devkitarm/bin/../lib/gcc/arm-none-eabi/4.9.2/../../../../arm-none-eabi/lib/armv6k/fpu\libsysbase.a(stat.o)
                0x0012f244                _stat_r
 .text          0x0012f2b0       0x74 c:/devkitpro/devkitarm/bin/../lib/gcc/arm-none-eabi/4.9.2/../../../../arm-none-eabi/lib/armv6k/fpu\libsysbase.a(write.o)
                0x0012f2b0                _write_r
 .text          0x0012f324       0x20 c:/devkitpro/devkitarm/bin/../lib/gcc/arm-none-eabi/4.9.2/../../../../arm-none-eabi/lib/armv6k/fpu\libsysbase.a(_exit.o)
                0x0012f324                _exit
 .text          0x0012f344        0x0 c:/devkitpro/devkitarm/bin/../lib/gcc/arm-none-eabi/4.9.2/../../../../arm-none-eabi/lib/armv6k/fpu\libsysbase.a(malloc_vars.o)
 .text          0x0012f344      0x3a4 c:/devkitpro/devkitarm/bin/../lib/gcc/arm-none-eabi/4.9.2/../../../../arm-none-eabi/lib/armv6k/fpu\libsysbase.a(chdir.o)
                0x0012f344                _concatenate_path
                0x0012f500                chdir
                0x0012f648                getcwd
 .text          0x0012f6e8        0x8 c:/devkitpro/devkitarm/bin/../lib/gcc/arm-none-eabi/4.9.2/../../../../arm-none-eabi/lib/armv6k/fpu\libsysbase.a(flock.o)
                0x0012f6e8                __flockfile
                0x0012f6ec                __funlockfile
 .text          0x0012f6f0      0x108 c:/devkitpro/devkitarm/bin/../lib/gcc/arm-none-eabi/4.9.2/../../../../arm-none-eabi/lib/armv6k/fpu\libsysbase.a(syscall_support.o)
                0x0012f6f0                __libc_lock_init
                0x0012f708                __libc_lock_acquire
                0x0012f720                __libc_lock_try_acquire
                0x0012f744                __libc_lock_release
                0x0012f75c                __libc_lock_close
                0x0012f774                __libc_lock_init_recursive
                0x0012f78c                __libc_lock_acquire_recursive
                0x0012f7a4                __libc_lock_try_acquire_recursive
                0x0012f7c8                __libc_lock_release_recursive
                0x0012f7e0                __libc_lock_close_recursive
 .text          0x0012f7f8      0x254 c:/devkitpro/devkitarm/bin/../lib/gcc/arm-none-eabi/4.9.2/../../../../arm-none-eabi/lib/armv6k/fpu\libsysbase.a(handle_manager.o)
                0x0012f7f8                __free_handle
                0x0012f83c                __release_handle
                0x0012f868                __alloc_handle
                0x0012f8d0                __get_handle
                0x0012f8ec                dup
                0x0012f978                dup2
 .text          0x0012fa4c       0x6c c:/devkitpro/devkitarm/bin/../lib/gcc/arm-none-eabi/4.9.2/../../../../arm-none-eabi/lib/armv6k/fpu\libsysbase.a(ftruncate.o)
                0x0012fa4c                ftruncate
 .text          0x0012fab8      0x494 c:/devkitpro/devkitarm/bin/../lib/gcc/arm-none-eabi/4.9.2/../../../../arm-none-eabi/lib/armv6k/fpu\libsysbase.a(dirent.o)
                0x0012fb60                opendir
                0x0012fc50                closedir
                0x0012fcdc                readdir
                0x0012fdbc                readdir_r
                0x0012fe88                rewinddir
                0x0012feac                seekdir
                0x0012ff3c                telldir
 .text          0x0012ff4c       0x28 c:/devkitpro/devkitarm/bin/../lib/gcc/arm-none-eabi/4.9.2/../../../../arm-none-eabi/lib/armv6k/fpu\libsysbase.a(getreent.o)
                0x0012ff4c                __getreent
 .text          0x0012ff74      0x240 c:/devkitpro/devkitarm/bin/../lib/gcc/arm-none-eabi/4.9.2/armv6k/fpu\libgcc.a(_divsi3.o)
                0x0012ff74                __divsi3
                0x0012ff74                __aeabi_idiv
                0x00130194                __aeabi_idivmod
 .text          0x001301b4       0x3c c:/devkitpro/devkitarm/bin/../lib/gcc/arm-none-eabi/4.9.2/armv6k/fpu\libgcc.a(_aeabi_uldivmod.o)
                0x001301b4                __aeabi_uldivmod
 .text          0x001301f0       0x78 c:/devkitpro/devkitarm/bin/../lib/gcc/arm-none-eabi/4.9.2/armv6k/fpu\libgcc.a(bpabi.o)
                0x001301f0                __gnu_ldivmod_helper
                0x0013022c                __gnu_uldivmod_helper
 .text          0x00130268      0x180 c:/devkitpro/devkitarm/bin/../lib/gcc/arm-none-eabi/4.9.2/armv6k/fpu\libgcc.a(_divdi3.o)
                0x00130268                __divdi3
 .text          0x001303e8      0x124 c:/devkitpro/devkitarm/bin/../lib/gcc/arm-none-eabi/4.9.2/armv6k/fpu\libgcc.a(_udivdi3.o)
                0x001303e8                __udivdi3
 .text          0x0013050c        0x0 c:/devkitpro/devkitarm/bin/../lib/gcc/arm-none-eabi/4.9.2/../../../../arm-none-eabi/lib/armv6k/fpu\libg.a(lib_a-strnlen.o)
 .text          0x0013050c        0x0 c:/devkitpro/devkitarm/bin/../lib/gcc/arm-none-eabi/4.9.2/armv6k/fpu/crtend.o